
  .   ____          _            __ _ _
 /\\ / ___'_ __ _ _(_)_ __  __ _ \ \ \ \
( ( )\___ | '_ | '_| | '_ \/ _` | \ \ \ \
 \\/  ___)| |_)| | | | | || (_| |  ) ) ) )
  '  |____| .__|_| |_|_| |_\__, | / / / /
 =========|_|==============|___/=/_/_/_/
 :: Spring Boot ::                (v3.2.5)

2026-05-02T10:23:58.159+07:00  INFO [auth-service,,] 88296 --- [auth-service] [           main] [                                                 ] c.smartgig.auth.AuthServiceApplication   : Starting AuthServiceApplication v1.0.0-SNAPSHOT using Java 21.0.10 with PID 88296 (/Users/albert-dibimbing/Documents/Coding Repo/smartGig-platform/smartgig-platform/auth-service/target/auth-service-1.0.0-SNAPSHOT.jar started by albert-dibimbing in /Users/albert-dibimbing/Documents/Coding Repo/smartGig-platform/smartgig-platform/auth-service)
2026-05-02T10:23:58.160+07:00 DEBUG [auth-service,,] 88296 --- [auth-service] [           main] [                                                 ] c.smartgig.auth.AuthServiceApplication   : Running with Spring Boot v3.2.5, Spring v6.1.6
2026-05-02T10:23:58.161+07:00  INFO [auth-service,,] 88296 --- [auth-service] [           main] [                                                 ] c.smartgig.auth.AuthServiceApplication   : The following 1 profile is active: "dev"
2026-05-02T10:23:59.332+07:00  INFO [auth-service,,] 88296 --- [auth-service] [           main] [                                                 ] .s.d.r.c.RepositoryConfigurationDelegate : Multiple Spring Data modules found, entering strict repository configuration mode
2026-05-02T10:23:59.333+07:00  INFO [auth-service,,] 88296 --- [auth-service] [           main] [                                                 ] .s.d.r.c.RepositoryConfigurationDelegate : Bootstrapping Spring Data JPA repositories in DEFAULT mode.
2026-05-02T10:23:59.423+07:00  INFO [auth-service,,] 88296 --- [auth-service] [           main] [                                                 ] .s.d.r.c.RepositoryConfigurationDelegate : Finished Spring Data repository scanning in 86 ms. Found 1 JPA repository interface.
2026-05-02T10:23:59.433+07:00  INFO [auth-service,,] 88296 --- [auth-service] [           main] [                                                 ] .s.d.r.c.RepositoryConfigurationDelegate : Multiple Spring Data modules found, entering strict repository configuration mode
2026-05-02T10:23:59.433+07:00  INFO [auth-service,,] 88296 --- [auth-service] [           main] [                                                 ] .s.d.r.c.RepositoryConfigurationDelegate : Bootstrapping Spring Data Redis repositories in DEFAULT mode.
2026-05-02T10:23:59.440+07:00  INFO [auth-service,,] 88296 --- [auth-service] [           main] [                                                 ] .RepositoryConfigurationExtensionSupport : Spring Data Redis - Could not safely identify store assignment for repository candidate interface com.smartgig.auth.repository.UserCredentialRepository; If you want this repository to be a Redis repository, consider annotating your entities with one of these annotations: org.springframework.data.redis.core.RedisHash (preferred), or consider extending one of the following types with your repository: org.springframework.data.keyvalue.repository.KeyValueRepository
2026-05-02T10:23:59.440+07:00  INFO [auth-service,,] 88296 --- [auth-service] [           main] [                                                 ] .s.d.r.c.RepositoryConfigurationDelegate : Finished Spring Data repository scanning in 2 ms. Found 0 Redis repository interfaces.
2026-05-02T10:23:59.608+07:00  INFO [auth-service,,] 88296 --- [auth-service] [           main] [                                                 ] o.s.cloud.context.scope.GenericScope     : BeanFactory id=e0803f08-775d-3123-96dd-6d434428baf3
2026-05-02T10:23:59.801+07:00  WARN [auth-service,,] 88296 --- [auth-service] [           main] [                                                 ] trationDelegate$BeanPostProcessorChecker : Bean 'org.springframework.cloud.client.loadbalancer.LoadBalancerAutoConfiguration$DeferringLoadBalancerInterceptorConfig' of type [org.springframework.cloud.client.loadbalancer.LoadBalancerAutoConfiguration$DeferringLoadBalancerInterceptorConfig] is not eligible for getting processed by all BeanPostProcessors (for example: not eligible for auto-proxying). The currently created BeanPostProcessor [lbRestClientPostProcessor] is declared through a non-static factory method on that class; consider declaring it as static instead.
2026-05-02T10:23:59.803+07:00  WARN [auth-service,,] 88296 --- [auth-service] [           main] [                                                 ] trationDelegate$BeanPostProcessorChecker : Bean 'deferringLoadBalancerInterceptor' of type [org.springframework.cloud.client.loadbalancer.DeferringLoadBalancerInterceptor] is not eligible for getting processed by all BeanPostProcessors (for example: not eligible for auto-proxying). Is this bean getting eagerly injected into a currently created BeanPostProcessor [lbRestClientPostProcessor]? Check the corresponding BeanPostProcessor declaration and its dependencies.
2026-05-02T10:23:59.954+07:00  INFO [auth-service,,] 88296 --- [auth-service] [           main] [                                                 ] o.s.b.w.embedded.tomcat.TomcatWebServer  : Tomcat initialized with port 8081 (http)
2026-05-02T10:23:59.960+07:00  INFO [auth-service,,] 88296 --- [auth-service] [           main] [                                                 ] o.apache.catalina.core.StandardService   : Starting service [Tomcat]
2026-05-02T10:23:59.960+07:00  INFO [auth-service,,] 88296 --- [auth-service] [           main] [                                                 ] o.apache.catalina.core.StandardEngine    : Starting Servlet engine: [Apache Tomcat/10.1.20]
2026-05-02T10:23:59.978+07:00  INFO [auth-service,,] 88296 --- [auth-service] [           main] [                                                 ] o.a.c.c.C.[Tomcat].[localhost].[/]       : Initializing Spring embedded WebApplicationContext
2026-05-02T10:23:59.979+07:00  INFO [auth-service,,] 88296 --- [auth-service] [           main] [                                                 ] w.s.c.ServletWebServerApplicationContext : Root WebApplicationContext: initialization completed in 1744 ms
2026-05-02T10:24:00.417+07:00 DEBUG [auth-service,,] 88296 --- [auth-service] [           main] [                                                 ] c.smartgig.auth.config.SecurityConfig$1  : Filter 'trustedHeaderAuthFilter' configured for use
2026-05-02T10:24:00.473+07:00  INFO [auth-service,,] 88296 --- [auth-service] [           main] [                                                 ] com.zaxxer.hikari.HikariDataSource       : HikariPool-1 - Starting...
2026-05-02T10:24:00.668+07:00  INFO [auth-service,,] 88296 --- [auth-service] [           main] [                                                 ] com.zaxxer.hikari.pool.HikariPool        : HikariPool-1 - Added connection org.postgresql.jdbc.PgConnection@7acb5200
2026-05-02T10:24:00.669+07:00  INFO [auth-service,,] 88296 --- [auth-service] [           main] [                                                 ] com.zaxxer.hikari.HikariDataSource       : HikariPool-1 - Start completed.
2026-05-02T10:24:00.759+07:00  INFO [auth-service,,] 88296 --- [auth-service] [           main] [                                                 ] o.f.c.internal.license.VersionPrinter    : Flyway Community Edition 9.22.3 by Redgate
2026-05-02T10:24:00.760+07:00  INFO [auth-service,,] 88296 --- [auth-service] [           main] [                                                 ] o.f.c.internal.license.VersionPrinter    : See release notes here: https://rd.gt/416ObMi
2026-05-02T10:24:00.760+07:00  INFO [auth-service,,] 88296 --- [auth-service] [           main] [                                                 ] o.f.c.internal.license.VersionPrinter    : 
2026-05-02T10:24:00.777+07:00  INFO [auth-service,,] 88296 --- [auth-service] [           main] [                                                 ] org.flywaydb.core.FlywayExecutor         : Database: jdbc:postgresql://localhost:5433/smartgig_auth (PostgreSQL 16.13)
2026-05-02T10:24:00.785+07:00  WARN [auth-service,,] 88296 --- [auth-service] [           main] [                                                 ] o.f.c.internal.database.base.Database    : Flyway upgrade recommended: PostgreSQL 16.13 is newer than this version of Flyway and support has not been tested. The latest supported version of PostgreSQL is 15.
2026-05-02T10:24:00.812+07:00  INFO [auth-service,,] 88296 --- [auth-service] [           main] [                                                 ] o.f.c.i.s.JdbcTableSchemaHistory         : Schema history table "public"."flyway_schema_history" does not exist yet
2026-05-02T10:24:00.816+07:00  INFO [auth-service,,] 88296 --- [auth-service] [           main] [                                                 ] o.f.core.internal.command.DbValidate     : Successfully validated 1 migration (execution time 00:00.019s)
2026-05-02T10:24:00.829+07:00  INFO [auth-service,,] 88296 --- [auth-service] [           main] [                                                 ] o.f.c.i.s.JdbcTableSchemaHistory         : Creating Schema History table "public"."flyway_schema_history" ...
2026-05-02T10:24:00.878+07:00  INFO [auth-service,,] 88296 --- [auth-service] [           main] [                                                 ] o.f.core.internal.command.DbMigrate      : Current version of schema "public": << Empty Schema >>
2026-05-02T10:24:00.885+07:00  INFO [auth-service,,] 88296 --- [auth-service] [           main] [                                                 ] o.f.core.internal.command.DbMigrate      : Migrating schema "public" to version "1 - create user credentials table"
2026-05-02T10:24:00.923+07:00  INFO [auth-service,,] 88296 --- [auth-service] [           main] [                                                 ] o.f.core.internal.command.DbMigrate      : Successfully applied 1 migration to schema "public", now at version v1 (execution time 00:00.021s)
2026-05-02T10:24:00.985+07:00  INFO [auth-service,,] 88296 --- [auth-service] [           main] [                                                 ] o.hibernate.jpa.internal.util.LogHelper  : HHH000204: Processing PersistenceUnitInfo [name: default]
2026-05-02T10:24:01.032+07:00  INFO [auth-service,,] 88296 --- [auth-service] [           main] [                                                 ] org.hibernate.Version                    : HHH000412: Hibernate ORM core version 6.4.4.Final
2026-05-02T10:24:01.063+07:00  INFO [auth-service,,] 88296 --- [auth-service] [           main] [                                                 ] o.h.c.internal.RegionFactoryInitiator    : HHH000026: Second-level cache disabled
2026-05-02T10:24:01.214+07:00  INFO [auth-service,,] 88296 --- [auth-service] [           main] [                                                 ] o.s.o.j.p.SpringPersistenceUnitInfo      : No LoadTimeWeaver setup: ignoring JPA class transformer
2026-05-02T10:24:01.247+07:00  WARN [auth-service,,] 88296 --- [auth-service] [           main] [                                                 ] org.hibernate.orm.deprecation            : HHH90000025: PostgreSQLDialect does not need to be specified explicitly using 'hibernate.dialect' (remove the property setting and it will be selected by default)
2026-05-02T10:24:01.741+07:00  INFO [auth-service,,] 88296 --- [auth-service] [           main] [                                                 ] o.h.e.t.j.p.i.JtaPlatformInitiator       : HHH000489: No JTA platform available (set 'hibernate.transaction.jta.platform' to enable JTA platform integration)
2026-05-02T10:24:01.768+07:00  INFO [auth-service,,] 88296 --- [auth-service] [           main] [                                                 ] j.LocalContainerEntityManagerFactoryBean : Initialized JPA EntityManagerFactory for persistence unit 'default'
2026-05-02T10:24:02.212+07:00  WARN [auth-service,,] 88296 --- [auth-service] [           main] [                                                 ] JpaBaseConfiguration$JpaWebConfiguration : spring.jpa.open-in-view is enabled by default. Therefore, database queries may be performed during view rendering. Explicitly configure spring.jpa.open-in-view to disable this warning
2026-05-02T10:24:02.509+07:00  INFO [auth-service,,] 88296 --- [auth-service] [           main] [                                                 ] o.s.b.a.e.web.EndpointLinksResolver      : Exposing 5 endpoint(s) beneath base path '/actuator'
2026-05-02T10:24:02.555+07:00  INFO [auth-service,,] 88296 --- [auth-service] [           main] [                                                 ] o.s.s.web.DefaultSecurityFilterChain     : Will secure any request with [org.springframework.security.web.session.DisableEncodeUrlFilter@cdf3ee2, org.springframework.security.web.context.request.async.WebAsyncManagerIntegrationFilter@21c301ab, org.springframework.security.web.context.SecurityContextHolderFilter@20bed60a, org.springframework.security.web.header.HeaderWriterFilter@1479c527, org.springframework.web.filter.CorsFilter@1bbbede1, org.springframework.security.web.authentication.logout.LogoutFilter@7e4f42c0, com.smartgig.auth.config.SecurityConfig$1@2361365c, org.springframework.security.web.savedrequest.RequestCacheAwareFilter@73eb57e6, org.springframework.security.web.servletapi.SecurityContextHolderAwareRequestFilter@6951e062, org.springframework.security.web.authentication.AnonymousAuthenticationFilter@699d04a9, org.springframework.security.web.session.SessionManagementFilter@1e27ed87, org.springframework.security.web.access.ExceptionTranslationFilter@26c09f3f, org.springframework.security.web.access.intercept.AuthorizationFilter@6e92aadd]
2026-05-02T10:24:02.941+07:00  INFO [auth-service,,] 88296 --- [auth-service] [           main] [                                                 ] DiscoveryClientOptionalArgsConfiguration : Eureka HTTP Client uses RestTemplate.
2026-05-02T10:24:02.976+07:00  WARN [auth-service,,] 88296 --- [auth-service] [           main] [                                                 ] iguration$LoadBalancerCaffeineWarnLogger : Spring Cloud LoadBalancer is currently working with the default cache. While this cache implementation is useful for development and tests, it's recommended to use Caffeine cache in production.You can switch to using Caffeine cache, by adding it and org.springframework.cache.caffeine.CaffeineCacheManager to the classpath.
2026-05-02T10:24:03.021+07:00  INFO [auth-service,,] 88296 --- [auth-service] [           main] [                                                 ] o.s.c.n.eureka.InstanceInfoFactory       : Setting initial instance status as: STARTING
2026-05-02T10:24:03.088+07:00  INFO [auth-service,,] 88296 --- [auth-service] [           main] [                                                 ] com.netflix.discovery.DiscoveryClient    : Initializing Eureka in region us-east-1
2026-05-02T10:24:03.092+07:00  INFO [auth-service,,] 88296 --- [auth-service] [           main] [                                                 ] c.n.d.s.r.aws.ConfigClusterResolver      : Resolving eureka endpoints via configuration
2026-05-02T10:24:03.110+07:00  INFO [auth-service,,] 88296 --- [auth-service] [           main] [                                                 ] com.netflix.discovery.DiscoveryClient    : Disable delta property : false
2026-05-02T10:24:03.111+07:00  INFO [auth-service,,] 88296 --- [auth-service] [           main] [                                                 ] com.netflix.discovery.DiscoveryClient    : Single vip registry refresh property : null
2026-05-02T10:24:03.111+07:00  INFO [auth-service,,] 88296 --- [auth-service] [           main] [                                                 ] com.netflix.discovery.DiscoveryClient    : Force full registry fetch : false
2026-05-02T10:24:03.111+07:00  INFO [auth-service,,] 88296 --- [auth-service] [           main] [                                                 ] com.netflix.discovery.DiscoveryClient    : Application is null : false
2026-05-02T10:24:03.111+07:00  INFO [auth-service,,] 88296 --- [auth-service] [           main] [                                                 ] com.netflix.discovery.DiscoveryClient    : Registered Applications size is zero : true
2026-05-02T10:24:03.111+07:00  INFO [auth-service,,] 88296 --- [auth-service] [           main] [                                                 ] com.netflix.discovery.DiscoveryClient    : Application version is -1: true
2026-05-02T10:24:03.111+07:00  INFO [auth-service,,] 88296 --- [auth-service] [           main] [                                                 ] com.netflix.discovery.DiscoveryClient    : Getting all instance registry info from the eureka server
2026-05-02T10:24:03.233+07:00  INFO [auth-service,,] 88296 --- [auth-service] [           main] [                                                 ] com.netflix.discovery.DiscoveryClient    : The response status is 200
2026-05-02T10:24:03.234+07:00  INFO [auth-service,,] 88296 --- [auth-service] [           main] [                                                 ] com.netflix.discovery.DiscoveryClient    : Starting heartbeat executor: renew interval is: 30
2026-05-02T10:24:03.235+07:00  INFO [auth-service,,] 88296 --- [auth-service] [           main] [                                                 ] c.n.discovery.InstanceInfoReplicator     : InstanceInfoReplicator onDemand update allowed rate per min is 4
2026-05-02T10:24:03.237+07:00  INFO [auth-service,,] 88296 --- [auth-service] [           main] [                                                 ] com.netflix.discovery.DiscoveryClient    : Discovery Client initialized at timestamp 1777692243237 with initial instances count: 2
2026-05-02T10:24:03.241+07:00  INFO [auth-service,,] 88296 --- [auth-service] [           main] [                                                 ] o.s.c.n.e.s.EurekaServiceRegistry        : Registering application AUTH-SERVICE with eureka with status UP
2026-05-02T10:24:03.241+07:00  INFO [auth-service,,] 88296 --- [auth-service] [           main] [                                                 ] com.netflix.discovery.DiscoveryClient    : Saw local status change event StatusChangeEvent [timestamp=1777692243241, current=UP, previous=STARTING]
2026-05-02T10:24:03.242+07:00  INFO [auth-service,,] 88296 --- [auth-service] [nfoReplicator-0] [                                                 ] com.netflix.discovery.DiscoveryClient    : DiscoveryClient_AUTH-SERVICE/192.168.1.72:auth-service:8081: registering service...
2026-05-02T10:24:03.253+07:00  INFO [auth-service,,] 88296 --- [auth-service] [           main] [                                                 ] o.s.b.w.embedded.tomcat.TomcatWebServer  : Tomcat started on port 8081 (http) with context path ''
2026-05-02T10:24:03.254+07:00  INFO [auth-service,,] 88296 --- [auth-service] [           main] [                                                 ] .s.c.n.e.s.EurekaAutoServiceRegistration : Updating port to 8081
2026-05-02T10:24:03.266+07:00  INFO [auth-service,,] 88296 --- [auth-service] [nfoReplicator-0] [                                                 ] com.netflix.discovery.DiscoveryClient    : DiscoveryClient_AUTH-SERVICE/192.168.1.72:auth-service:8081 - registration status: 204
2026-05-02T10:24:03.270+07:00  INFO [auth-service,,] 88296 --- [auth-service] [           main] [                                                 ] c.smartgig.auth.AuthServiceApplication   : Started AuthServiceApplication in 5.49 seconds (process running for 6.046)
2026-05-02T10:24:04.427+07:00  INFO [auth-service,,] 88296 --- [auth-service] [nio-8081-exec-1] [                                                 ] o.a.c.c.C.[Tomcat].[localhost].[/]       : Initializing Spring DispatcherServlet 'dispatcherServlet'
2026-05-02T10:24:04.427+07:00  INFO [auth-service,,] 88296 --- [auth-service] [nio-8081-exec-1] [                                                 ] o.s.web.servlet.DispatcherServlet        : Initializing Servlet 'dispatcherServlet'
2026-05-02T10:24:04.429+07:00  INFO [auth-service,,] 88296 --- [auth-service] [nio-8081-exec-1] [                                                 ] o.s.web.servlet.DispatcherServlet        : Completed initialization in 2 ms
2026-05-02T10:29:03.127+07:00  INFO [auth-service,,] 88296 --- [auth-service] [trap-executor-0] [                                                 ] c.n.d.s.r.aws.ConfigClusterResolver      : Resolving eureka endpoints via configuration
2026-05-02T10:34:03.143+07:00  INFO [auth-service,,] 88296 --- [auth-service] [trap-executor-0] [                                                 ] c.n.d.s.r.aws.ConfigClusterResolver      : Resolving eureka endpoints via configuration
2026-05-02T10:39:03.172+07:00  INFO [auth-service,,] 88296 --- [auth-service] [trap-executor-0] [                                                 ] c.n.d.s.r.aws.ConfigClusterResolver      : Resolving eureka endpoints via configuration
2026-05-02T10:44:03.190+07:00  INFO [auth-service,,] 88296 --- [auth-service] [trap-executor-0] [                                                 ] c.n.d.s.r.aws.ConfigClusterResolver      : Resolving eureka endpoints via configuration
2026-05-02T10:49:03.202+07:00  INFO [auth-service,,] 88296 --- [auth-service] [trap-executor-0] [                                                 ] c.n.d.s.r.aws.ConfigClusterResolver      : Resolving eureka endpoints via configuration
2026-05-02T10:54:03.213+07:00  INFO [auth-service,,] 88296 --- [auth-service] [trap-executor-0] [                                                 ] c.n.d.s.r.aws.ConfigClusterResolver      : Resolving eureka endpoints via configuration
2026-05-02T10:59:03.221+07:00  INFO [auth-service,,] 88296 --- [auth-service] [trap-executor-0] [                                                 ] c.n.d.s.r.aws.ConfigClusterResolver      : Resolving eureka endpoints via configuration
2026-05-02T11:04:03.239+07:00  INFO [auth-service,,] 88296 --- [auth-service] [trap-executor-0] [                                                 ] c.n.d.s.r.aws.ConfigClusterResolver      : Resolving eureka endpoints via configuration
2026-05-02T11:09:03.253+07:00  INFO [auth-service,,] 88296 --- [auth-service] [trap-executor-0] [                                                 ] c.n.d.s.r.aws.ConfigClusterResolver      : Resolving eureka endpoints via configuration
2026-05-02T11:14:03.263+07:00  INFO [auth-service,,] 88296 --- [auth-service] [trap-executor-0] [                                                 ] c.n.d.s.r.aws.ConfigClusterResolver      : Resolving eureka endpoints via configuration
2026-05-02T11:19:03.273+07:00  INFO [auth-service,,] 88296 --- [auth-service] [trap-executor-0] [                                                 ] c.n.d.s.r.aws.ConfigClusterResolver      : Resolving eureka endpoints via configuration
2026-05-02T11:24:03.287+07:00  INFO [auth-service,,] 88296 --- [auth-service] [trap-executor-0] [                                                 ] c.n.d.s.r.aws.ConfigClusterResolver      : Resolving eureka endpoints via configuration
2026-05-02T11:29:03.309+07:00  INFO [auth-service,,] 88296 --- [auth-service] [trap-executor-0] [                                                 ] c.n.d.s.r.aws.ConfigClusterResolver      : Resolving eureka endpoints via configuration
2026-05-02T11:34:03.323+07:00  INFO [auth-service,,] 88296 --- [auth-service] [trap-executor-0] [                                                 ] c.n.d.s.r.aws.ConfigClusterResolver      : Resolving eureka endpoints via configuration
2026-05-02T11:39:03.339+07:00  INFO [auth-service,,] 88296 --- [auth-service] [trap-executor-0] [                                                 ] c.n.d.s.r.aws.ConfigClusterResolver      : Resolving eureka endpoints via configuration
2026-05-02T11:44:03.349+07:00  INFO [auth-service,,] 88296 --- [auth-service] [trap-executor-0] [                                                 ] c.n.d.s.r.aws.ConfigClusterResolver      : Resolving eureka endpoints via configuration
2026-05-02T11:49:03.356+07:00  INFO [auth-service,,] 88296 --- [auth-service] [trap-executor-0] [                                                 ] c.n.d.s.r.aws.ConfigClusterResolver      : Resolving eureka endpoints via configuration
2026-05-02T11:54:03.372+07:00  INFO [auth-service,,] 88296 --- [auth-service] [trap-executor-0] [                                                 ] c.n.d.s.r.aws.ConfigClusterResolver      : Resolving eureka endpoints via configuration
2026-05-02T11:59:03.392+07:00  INFO [auth-service,,] 88296 --- [auth-service] [trap-executor-0] [                                                 ] c.n.d.s.r.aws.ConfigClusterResolver      : Resolving eureka endpoints via configuration
2026-05-02T12:04:03.403+07:00  INFO [auth-service,,] 88296 --- [auth-service] [trap-executor-0] [                                                 ] c.n.d.s.r.aws.ConfigClusterResolver      : Resolving eureka endpoints via configuration
2026-05-02T12:09:03.414+07:00  INFO [auth-service,,] 88296 --- [auth-service] [trap-executor-0] [                                                 ] c.n.d.s.r.aws.ConfigClusterResolver      : Resolving eureka endpoints via configuration
2026-05-02T12:14:03.365+07:00  INFO [auth-service,,] 88296 --- [auth-service] [trap-executor-0] [                                                 ] c.n.d.s.r.aws.ConfigClusterResolver      : Resolving eureka endpoints via configuration
2026-05-02T12:19:03.372+07:00  INFO [auth-service,,] 88296 --- [auth-service] [trap-executor-0] [                                                 ] c.n.d.s.r.aws.ConfigClusterResolver      : Resolving eureka endpoints via configuration
2026-05-02T12:24:03.379+07:00  INFO [auth-service,,] 88296 --- [auth-service] [trap-executor-0] [                                                 ] c.n.d.s.r.aws.ConfigClusterResolver      : Resolving eureka endpoints via configuration
2026-05-02T12:29:03.388+07:00  INFO [auth-service,,] 88296 --- [auth-service] [trap-executor-0] [                                                 ] c.n.d.s.r.aws.ConfigClusterResolver      : Resolving eureka endpoints via configuration
2026-05-02T12:34:03.371+07:00  INFO [auth-service,,] 88296 --- [auth-service] [trap-executor-0] [                                                 ] c.n.d.s.r.aws.ConfigClusterResolver      : Resolving eureka endpoints via configuration
2026-05-02T12:39:03.382+07:00  INFO [auth-service,,] 88296 --- [auth-service] [trap-executor-0] [                                                 ] c.n.d.s.r.aws.ConfigClusterResolver      : Resolving eureka endpoints via configuration
2026-05-02T12:44:03.387+07:00  INFO [auth-service,,] 88296 --- [auth-service] [trap-executor-0] [                                                 ] c.n.d.s.r.aws.ConfigClusterResolver      : Resolving eureka endpoints via configuration
2026-05-02T12:49:03.394+07:00  INFO [auth-service,,] 88296 --- [auth-service] [trap-executor-0] [                                                 ] c.n.d.s.r.aws.ConfigClusterResolver      : Resolving eureka endpoints via configuration
2026-05-02T12:54:03.401+07:00  INFO [auth-service,,] 88296 --- [auth-service] [trap-executor-0] [                                                 ] c.n.d.s.r.aws.ConfigClusterResolver      : Resolving eureka endpoints via configuration
2026-05-02T12:59:03.413+07:00  INFO [auth-service,,] 88296 --- [auth-service] [trap-executor-0] [                                                 ] c.n.d.s.r.aws.ConfigClusterResolver      : Resolving eureka endpoints via configuration
2026-05-02T13:04:03.424+07:00  INFO [auth-service,,] 88296 --- [auth-service] [trap-executor-0] [                                                 ] c.n.d.s.r.aws.ConfigClusterResolver      : Resolving eureka endpoints via configuration
2026-05-02T13:09:03.432+07:00  INFO [auth-service,,] 88296 --- [auth-service] [trap-executor-0] [                                                 ] c.n.d.s.r.aws.ConfigClusterResolver      : Resolving eureka endpoints via configuration
2026-05-02T13:14:03.437+07:00  INFO [auth-service,,] 88296 --- [auth-service] [trap-executor-0] [                                                 ] c.n.d.s.r.aws.ConfigClusterResolver      : Resolving eureka endpoints via configuration
2026-05-02T13:19:03.440+07:00  INFO [auth-service,,] 88296 --- [auth-service] [trap-executor-0] [                                                 ] c.n.d.s.r.aws.ConfigClusterResolver      : Resolving eureka endpoints via configuration
2026-05-02T13:24:03.449+07:00  INFO [auth-service,,] 88296 --- [auth-service] [trap-executor-0] [                                                 ] c.n.d.s.r.aws.ConfigClusterResolver      : Resolving eureka endpoints via configuration
2026-05-02T13:29:03.457+07:00  INFO [auth-service,,] 88296 --- [auth-service] [trap-executor-0] [                                                 ] c.n.d.s.r.aws.ConfigClusterResolver      : Resolving eureka endpoints via configuration
2026-05-02T13:34:03.437+07:00  INFO [auth-service,,] 88296 --- [auth-service] [trap-executor-0] [                                                 ] c.n.d.s.r.aws.ConfigClusterResolver      : Resolving eureka endpoints via configuration
2026-05-02T13:39:03.440+07:00  INFO [auth-service,,] 88296 --- [auth-service] [trap-executor-0] [                                                 ] c.n.d.s.r.aws.ConfigClusterResolver      : Resolving eureka endpoints via configuration
2026-05-02T13:44:03.443+07:00  INFO [auth-service,,] 88296 --- [auth-service] [trap-executor-0] [                                                 ] c.n.d.s.r.aws.ConfigClusterResolver      : Resolving eureka endpoints via configuration
2026-05-02T13:49:03.445+07:00  INFO [auth-service,,] 88296 --- [auth-service] [trap-executor-0] [                                                 ] c.n.d.s.r.aws.ConfigClusterResolver      : Resolving eureka endpoints via configuration
2026-05-02T13:54:03.544+07:00  INFO [auth-service,,] 88296 --- [auth-service] [trap-executor-0] [                                                 ] c.n.d.s.r.aws.ConfigClusterResolver      : Resolving eureka endpoints via configuration
2026-05-02T13:59:03.554+07:00  INFO [auth-service,,] 88296 --- [auth-service] [trap-executor-0] [                                                 ] c.n.d.s.r.aws.ConfigClusterResolver      : Resolving eureka endpoints via configuration
2026-05-02T14:04:03.564+07:00  INFO [auth-service,,] 88296 --- [auth-service] [trap-executor-0] [                                                 ] c.n.d.s.r.aws.ConfigClusterResolver      : Resolving eureka endpoints via configuration
