[INFO] Scanning for projects...
[INFO] 
[INFO] ---------------------< com.smartgig:auth-service >----------------------
[INFO] Building auth-service 1.0.0-SNAPSHOT
[INFO]   from pom.xml
[INFO] --------------------------------[ jar ]---------------------------------
[INFO] 
[INFO] >>> spring-boot:3.2.5:run (default-cli) > test-compile @ auth-service >>>
[INFO] 
[INFO] --- jacoco:0.8.14:prepare-agent (default) @ auth-service ---
[INFO] Skipping JaCoCo execution because property jacoco.skip is set.
[INFO] argLine set to empty
[INFO] 
[INFO] --- resources:3.3.1:resources (default-resources) @ auth-service ---
[INFO] Copying 2 resources from src/main/resources to target/classes
[INFO] Copying 1 resource from src/main/resources to target/classes
[INFO] 
[INFO] --- compiler:3.11.0:compile (default-compile) @ auth-service ---
[INFO] Changes detected - recompiling the module! :source
[INFO] Compiling 17 source files with javac [debug release 21] to target/classes
WARNING: A terminally deprecated method in sun.misc.Unsafe has been called
WARNING: sun.misc.Unsafe::objectFieldOffset has been called by lombok.permit.Permit
WARNING: Please consider reporting this to the maintainers of class lombok.permit.Permit
WARNING: sun.misc.Unsafe::objectFieldOffset will be removed in a future release
[WARNING] Implicitly compiled files were not subject to annotation processing.
  Use -implicit to specify a policy for implicit compilation.
[INFO] 
[INFO] --- resources:3.3.1:testResources (default-testResources) @ auth-service ---
[INFO] Copying 1 resource from src/test/resources to target/test-classes
[INFO] 
[INFO] --- compiler:3.11.0:testCompile (default-testCompile) @ auth-service ---
[INFO] Changes detected - recompiling the module! :dependency
[INFO] Compiling 2 source files with javac [debug release 21] to target/test-classes
[INFO] 
[INFO] <<< spring-boot:3.2.5:run (default-cli) < test-compile @ auth-service <<<
[INFO] 
[INFO] 
[INFO] --- spring-boot:3.2.5:run (default-cli) @ auth-service ---
[INFO] Attaching agents: []

  .   ____          _            __ _ _
 /\\ / ___'_ __ _ _(_)_ __  __ _ \ \ \ \
( ( )\___ | '_ | '_| | '_ \/ _` | \ \ \ \
 \\/  ___)| |_)| | | | | || (_| |  ) ) ) )
  '  |____| .__|_| |_|_| |_\__, | / / / /
 =========|_|==============|___/=/_/_/_/
 :: Spring Boot ::                (v3.2.5)

2026-05-02T04:41:34.086+07:00  INFO [auth-service,,] 72024 --- [auth-service] [           main] [                                                 ] c.smartgig.auth.AuthServiceApplication   : Starting AuthServiceApplication using Java 25.0.2 with PID 72024 (/Users/albert-dibimbing/Documents/Coding Repo/smartGig-platform/smartgig-platform/auth-service/target/classes started by albert-dibimbing in /Users/albert-dibimbing/Documents/Coding Repo/smartGig-platform/smartgig-platform/auth-service)
2026-05-02T04:41:34.088+07:00 DEBUG [auth-service,,] 72024 --- [auth-service] [           main] [                                                 ] c.smartgig.auth.AuthServiceApplication   : Running with Spring Boot v3.2.5, Spring v6.1.6
2026-05-02T04:41:34.088+07:00  INFO [auth-service,,] 72024 --- [auth-service] [           main] [                                                 ] c.smartgig.auth.AuthServiceApplication   : The following 1 profile is active: "dev"
2026-05-02T04:41:34.645+07:00  INFO [auth-service,,] 72024 --- [auth-service] [           main] [                                                 ] .s.d.r.c.RepositoryConfigurationDelegate : Multiple Spring Data modules found, entering strict repository configuration mode
2026-05-02T04:41:34.645+07:00  INFO [auth-service,,] 72024 --- [auth-service] [           main] [                                                 ] .s.d.r.c.RepositoryConfigurationDelegate : Bootstrapping Spring Data JPA repositories in DEFAULT mode.
2026-05-02T04:41:34.708+07:00  INFO [auth-service,,] 72024 --- [auth-service] [           main] [                                                 ] .s.d.r.c.RepositoryConfigurationDelegate : Finished Spring Data repository scanning in 60 ms. Found 1 JPA repository interface.
2026-05-02T04:41:34.713+07:00  INFO [auth-service,,] 72024 --- [auth-service] [           main] [                                                 ] .s.d.r.c.RepositoryConfigurationDelegate : Multiple Spring Data modules found, entering strict repository configuration mode
2026-05-02T04:41:34.714+07:00  INFO [auth-service,,] 72024 --- [auth-service] [           main] [                                                 ] .s.d.r.c.RepositoryConfigurationDelegate : Bootstrapping Spring Data Redis repositories in DEFAULT mode.
2026-05-02T04:41:34.721+07:00  INFO [auth-service,,] 72024 --- [auth-service] [           main] [                                                 ] .RepositoryConfigurationExtensionSupport : Spring Data Redis - Could not safely identify store assignment for repository candidate interface com.smartgig.auth.repository.UserCredentialRepository; If you want this repository to be a Redis repository, consider annotating your entities with one of these annotations: org.springframework.data.redis.core.RedisHash (preferred), or consider extending one of the following types with your repository: org.springframework.data.keyvalue.repository.KeyValueRepository
2026-05-02T04:41:34.721+07:00  INFO [auth-service,,] 72024 --- [auth-service] [           main] [                                                 ] .s.d.r.c.RepositoryConfigurationDelegate : Finished Spring Data repository scanning in 4 ms. Found 0 Redis repository interfaces.
2026-05-02T04:41:34.871+07:00  INFO [auth-service,,] 72024 --- [auth-service] [           main] [                                                 ] o.s.cloud.context.scope.GenericScope     : BeanFactory id=86b461f5-fe53-371d-9059-fe7b2f366f04
2026-05-02T04:41:35.008+07:00  WARN [auth-service,,] 72024 --- [auth-service] [           main] [                                                 ] trationDelegate$BeanPostProcessorChecker : Bean 'org.springframework.cloud.client.loadbalancer.LoadBalancerAutoConfiguration$DeferringLoadBalancerInterceptorConfig' of type [org.springframework.cloud.client.loadbalancer.LoadBalancerAutoConfiguration$DeferringLoadBalancerInterceptorConfig] is not eligible for getting processed by all BeanPostProcessors (for example: not eligible for auto-proxying). The currently created BeanPostProcessor [lbRestClientPostProcessor] is declared through a non-static factory method on that class; consider declaring it as static instead.
2026-05-02T04:41:35.009+07:00  WARN [auth-service,,] 72024 --- [auth-service] [           main] [                                                 ] trationDelegate$BeanPostProcessorChecker : Bean 'deferringLoadBalancerInterceptor' of type [org.springframework.cloud.client.loadbalancer.DeferringLoadBalancerInterceptor] is not eligible for getting processed by all BeanPostProcessors (for example: not eligible for auto-proxying). Is this bean getting eagerly injected into a currently created BeanPostProcessor [lbRestClientPostProcessor]? Check the corresponding BeanPostProcessor declaration and its dependencies.
WARNING: A restricted method in java.lang.System has been called
WARNING: java.lang.System::load has been called by org.apache.tomcat.jni.Library in an unnamed module (file:/Users/albert-dibimbing/.m2/repository/org/apache/tomcat/embed/tomcat-embed-core/10.1.20/tomcat-embed-core-10.1.20.jar)
WARNING: Use --enable-native-access=ALL-UNNAMED to avoid a warning for callers in this module
WARNING: Restricted methods will be blocked in a future release unless native access is enabled

2026-05-02T04:41:35.127+07:00  INFO [auth-service,,] 72024 --- [auth-service] [           main] [                                                 ] o.s.b.w.embedded.tomcat.TomcatWebServer  : Tomcat initialized with port 8081 (http)
2026-05-02T04:41:35.133+07:00  INFO [auth-service,,] 72024 --- [auth-service] [           main] [                                                 ] o.apache.catalina.core.StandardService   : Starting service [Tomcat]
2026-05-02T04:41:35.133+07:00  INFO [auth-service,,] 72024 --- [auth-service] [           main] [                                                 ] o.apache.catalina.core.StandardEngine    : Starting Servlet engine: [Apache Tomcat/10.1.20]
2026-05-02T04:41:35.158+07:00  INFO [auth-service,,] 72024 --- [auth-service] [           main] [                                                 ] o.a.c.c.C.[Tomcat].[localhost].[/]       : Initializing Spring embedded WebApplicationContext
2026-05-02T04:41:35.159+07:00  INFO [auth-service,,] 72024 --- [auth-service] [           main] [                                                 ] w.s.c.ServletWebServerApplicationContext : Root WebApplicationContext: initialization completed in 1054 ms
2026-05-02T04:41:35.432+07:00 DEBUG [auth-service,,] 72024 --- [auth-service] [           main] [                                                 ] c.smartgig.auth.config.SecurityConfig$1  : Filter 'trustedHeaderAuthFilter' configured for use
2026-05-02T04:41:35.481+07:00  INFO [auth-service,,] 72024 --- [auth-service] [           main] [                                                 ] com.zaxxer.hikari.HikariDataSource       : HikariPool-1 - Starting...
2026-05-02T04:41:35.585+07:00  INFO [auth-service,,] 72024 --- [auth-service] [           main] [                                                 ] com.zaxxer.hikari.pool.HikariPool        : HikariPool-1 - Added connection org.postgresql.jdbc.PgConnection@57867d96
2026-05-02T04:41:35.585+07:00  INFO [auth-service,,] 72024 --- [auth-service] [           main] [                                                 ] com.zaxxer.hikari.HikariDataSource       : HikariPool-1 - Start completed.
2026-05-02T04:41:35.633+07:00  INFO [auth-service,,] 72024 --- [auth-service] [           main] [                                                 ] o.f.c.internal.license.VersionPrinter    : Flyway Community Edition 9.22.3 by Redgate
2026-05-02T04:41:35.633+07:00  INFO [auth-service,,] 72024 --- [auth-service] [           main] [                                                 ] o.f.c.internal.license.VersionPrinter    : See release notes here: https://rd.gt/416ObMi
2026-05-02T04:41:35.633+07:00  INFO [auth-service,,] 72024 --- [auth-service] [           main] [                                                 ] o.f.c.internal.license.VersionPrinter    : 
2026-05-02T04:41:35.642+07:00  INFO [auth-service,,] 72024 --- [auth-service] [           main] [                                                 ] org.flywaydb.core.FlywayExecutor         : Database: jdbc:postgresql://localhost:5433/smartgig_auth (PostgreSQL 16.13)
2026-05-02T04:41:35.649+07:00  WARN [auth-service,,] 72024 --- [auth-service] [           main] [                                                 ] o.f.c.internal.database.base.Database    : Flyway upgrade recommended: PostgreSQL 16.13 is newer than this version of Flyway and support has not been tested. The latest supported version of PostgreSQL is 15.
2026-05-02T04:41:35.673+07:00  INFO [auth-service,,] 72024 --- [auth-service] [           main] [                                                 ] o.f.core.internal.command.DbValidate     : Successfully validated 1 migration (execution time 00:00.015s)
2026-05-02T04:41:35.697+07:00  INFO [auth-service,,] 72024 --- [auth-service] [           main] [                                                 ] o.f.core.internal.command.DbMigrate      : Current version of schema "public": 1
2026-05-02T04:41:35.698+07:00  INFO [auth-service,,] 72024 --- [auth-service] [           main] [                                                 ] o.f.core.internal.command.DbMigrate      : Schema "public" is up to date. No migration necessary.
2026-05-02T04:41:35.744+07:00  INFO [auth-service,,] 72024 --- [auth-service] [           main] [                                                 ] o.hibernate.jpa.internal.util.LogHelper  : HHH000204: Processing PersistenceUnitInfo [name: default]
2026-05-02T04:41:35.768+07:00  INFO [auth-service,,] 72024 --- [auth-service] [           main] [                                                 ] org.hibernate.Version                    : HHH000412: Hibernate ORM core version 6.4.4.Final
2026-05-02T04:41:35.781+07:00  INFO [auth-service,,] 72024 --- [auth-service] [           main] [                                                 ] o.h.c.internal.RegionFactoryInitiator    : HHH000026: Second-level cache disabled
2026-05-02T04:41:35.878+07:00  INFO [auth-service,,] 72024 --- [auth-service] [           main] [                                                 ] o.s.o.j.p.SpringPersistenceUnitInfo      : No LoadTimeWeaver setup: ignoring JPA class transformer
2026-05-02T04:41:35.899+07:00  WARN [auth-service,,] 72024 --- [auth-service] [           main] [                                                 ] org.hibernate.orm.deprecation            : HHH90000025: PostgreSQLDialect does not need to be specified explicitly using 'hibernate.dialect' (remove the property setting and it will be selected by default)
2026-05-02T04:41:36.274+07:00  INFO [auth-service,,] 72024 --- [auth-service] [           main] [                                                 ] o.h.e.t.j.p.i.JtaPlatformInitiator       : HHH000489: No JTA platform available (set 'hibernate.transaction.jta.platform' to enable JTA platform integration)
2026-05-02T04:41:36.302+07:00  INFO [auth-service,,] 72024 --- [auth-service] [           main] [                                                 ] j.LocalContainerEntityManagerFactoryBean : Initialized JPA EntityManagerFactory for persistence unit 'default'
WARNING: A terminally deprecated method in sun.misc.Unsafe has been called
WARNING: sun.misc.Unsafe::objectFieldOffset has been called by io.netty.util.internal.PlatformDependent0$4 (file:/Users/albert-dibimbing/.m2/repository/io/netty/netty-common/4.1.109.Final/netty-common-4.1.109.Final.jar)
WARNING: Please consider reporting this to the maintainers of class io.netty.util.internal.PlatformDependent0$4
WARNING: sun.misc.Unsafe::objectFieldOffset will be removed in a future release
2026-05-02T04:41:36.629+07:00  WARN [auth-service,,] 72024 --- [auth-service] [           main] [                                                 ] JpaBaseConfiguration$JpaWebConfiguration : spring.jpa.open-in-view is enabled by default. Therefore, database queries may be performed during view rendering. Explicitly configure spring.jpa.open-in-view to disable this warning
2026-05-02T04:41:36.861+07:00  INFO [auth-service,,] 72024 --- [auth-service] [           main] [                                                 ] o.s.b.a.e.web.EndpointLinksResolver      : Exposing 5 endpoint(s) beneath base path '/actuator'
2026-05-02T04:41:36.891+07:00  INFO [auth-service,,] 72024 --- [auth-service] [           main] [                                                 ] o.s.s.web.DefaultSecurityFilterChain     : Will secure any request with [org.springframework.security.web.session.DisableEncodeUrlFilter@4f7bb581, org.springframework.security.web.context.request.async.WebAsyncManagerIntegrationFilter@5168f69d, org.springframework.security.web.context.SecurityContextHolderFilter@7cb7ca06, org.springframework.security.web.header.HeaderWriterFilter@48d68740, org.springframework.web.filter.CorsFilter@6c6a7553, org.springframework.security.web.authentication.logout.LogoutFilter@7ee46aaf, com.smartgig.auth.config.SecurityConfig$1@3c8758d1, org.springframework.security.web.savedrequest.RequestCacheAwareFilter@2295535f, org.springframework.security.web.servletapi.SecurityContextHolderAwareRequestFilter@75ba33b8, org.springframework.security.web.authentication.AnonymousAuthenticationFilter@2242dd2b, org.springframework.security.web.session.SessionManagementFilter@15d844b2, org.springframework.security.web.access.ExceptionTranslationFilter@22152da0, org.springframework.security.web.access.intercept.AuthorizationFilter@20f1e26]
2026-05-02T04:41:37.154+07:00  INFO [auth-service,,] 72024 --- [auth-service] [           main] [                                                 ] DiscoveryClientOptionalArgsConfiguration : Eureka HTTP Client uses RestTemplate.
2026-05-02T04:41:37.178+07:00  WARN [auth-service,,] 72024 --- [auth-service] [           main] [                                                 ] iguration$LoadBalancerCaffeineWarnLogger : Spring Cloud LoadBalancer is currently working with the default cache. While this cache implementation is useful for development and tests, it's recommended to use Caffeine cache in production.You can switch to using Caffeine cache, by adding it and org.springframework.cache.caffeine.CaffeineCacheManager to the classpath.
2026-05-02T04:41:37.210+07:00  INFO [auth-service,,] 72024 --- [auth-service] [           main] [                                                 ] o.s.c.n.eureka.InstanceInfoFactory       : Setting initial instance status as: STARTING
2026-05-02T04:41:37.260+07:00  INFO [auth-service,,] 72024 --- [auth-service] [           main] [                                                 ] com.netflix.discovery.DiscoveryClient    : Initializing Eureka in region us-east-1
2026-05-02T04:41:37.262+07:00  INFO [auth-service,,] 72024 --- [auth-service] [           main] [                                                 ] c.n.d.s.r.aws.ConfigClusterResolver      : Resolving eureka endpoints via configuration
2026-05-02T04:41:37.275+07:00  INFO [auth-service,,] 72024 --- [auth-service] [           main] [                                                 ] com.netflix.discovery.DiscoveryClient    : Disable delta property : false
2026-05-02T04:41:37.275+07:00  INFO [auth-service,,] 72024 --- [auth-service] [           main] [                                                 ] com.netflix.discovery.DiscoveryClient    : Single vip registry refresh property : null
2026-05-02T04:41:37.275+07:00  INFO [auth-service,,] 72024 --- [auth-service] [           main] [                                                 ] com.netflix.discovery.DiscoveryClient    : Force full registry fetch : false
2026-05-02T04:41:37.275+07:00  INFO [auth-service,,] 72024 --- [auth-service] [           main] [                                                 ] com.netflix.discovery.DiscoveryClient    : Application is null : false
2026-05-02T04:41:37.275+07:00  INFO [auth-service,,] 72024 --- [auth-service] [           main] [                                                 ] com.netflix.discovery.DiscoveryClient    : Registered Applications size is zero : true
2026-05-02T04:41:37.275+07:00  INFO [auth-service,,] 72024 --- [auth-service] [           main] [                                                 ] com.netflix.discovery.DiscoveryClient    : Application version is -1: true
2026-05-02T04:41:37.275+07:00  INFO [auth-service,,] 72024 --- [auth-service] [           main] [                                                 ] com.netflix.discovery.DiscoveryClient    : Getting all instance registry info from the eureka server
2026-05-02T04:41:37.358+07:00  INFO [auth-service,,] 72024 --- [auth-service] [           main] [                                                 ] com.netflix.discovery.DiscoveryClient    : The response status is 200
2026-05-02T04:41:37.359+07:00  INFO [auth-service,,] 72024 --- [auth-service] [           main] [                                                 ] com.netflix.discovery.DiscoveryClient    : Starting heartbeat executor: renew interval is: 30
2026-05-02T04:41:37.360+07:00  INFO [auth-service,,] 72024 --- [auth-service] [           main] [                                                 ] c.n.discovery.InstanceInfoReplicator     : InstanceInfoReplicator onDemand update allowed rate per min is 4
2026-05-02T04:41:37.362+07:00  INFO [auth-service,,] 72024 --- [auth-service] [           main] [                                                 ] com.netflix.discovery.DiscoveryClient    : Discovery Client initialized at timestamp 1777671697362 with initial instances count: 7
2026-05-02T04:41:37.365+07:00  INFO [auth-service,,] 72024 --- [auth-service] [           main] [                                                 ] o.s.c.n.e.s.EurekaServiceRegistry        : Registering application AUTH-SERVICE with eureka with status UP
2026-05-02T04:41:37.365+07:00  INFO [auth-service,,] 72024 --- [auth-service] [           main] [                                                 ] com.netflix.discovery.DiscoveryClient    : Saw local status change event StatusChangeEvent [timestamp=1777671697365, current=UP, previous=STARTING]
2026-05-02T04:41:37.365+07:00  INFO [auth-service,,] 72024 --- [auth-service] [nfoReplicator-0] [                                                 ] com.netflix.discovery.DiscoveryClient    : DiscoveryClient_AUTH-SERVICE/192.168.1.72:auth-service:8081: registering service...
2026-05-02T04:41:37.372+07:00  INFO [auth-service,,] 72024 --- [auth-service] [           main] [                                                 ] o.s.b.w.embedded.tomcat.TomcatWebServer  : Tomcat started on port 8081 (http) with context path ''
2026-05-02T04:41:37.372+07:00  INFO [auth-service,,] 72024 --- [auth-service] [           main] [                                                 ] .s.c.n.e.s.EurekaAutoServiceRegistration : Updating port to 8081
2026-05-02T04:41:37.382+07:00  INFO [auth-service,,] 72024 --- [auth-service] [nfoReplicator-0] [                                                 ] com.netflix.discovery.DiscoveryClient    : DiscoveryClient_AUTH-SERVICE/192.168.1.72:auth-service:8081 - registration status: 204
2026-05-02T04:41:37.385+07:00  INFO [auth-service,,] 72024 --- [auth-service] [           main] [                                                 ] c.smartgig.auth.AuthServiceApplication   : Started AuthServiceApplication in 3.503 seconds (process running for 3.654)
2026-05-02T04:41:39.345+07:00  INFO [auth-service,,] 72024 --- [auth-service] [nio-8081-exec-1] [                                                 ] o.a.c.c.C.[Tomcat].[localhost].[/]       : Initializing Spring DispatcherServlet 'dispatcherServlet'
2026-05-02T04:41:39.345+07:00  INFO [auth-service,,] 72024 --- [auth-service] [nio-8081-exec-1] [                                                 ] o.s.web.servlet.DispatcherServlet        : Initializing Servlet 'dispatcherServlet'
2026-05-02T04:41:39.346+07:00  INFO [auth-service,,] 72024 --- [auth-service] [nio-8081-exec-1] [                                                 ] o.s.web.servlet.DispatcherServlet        : Completed initialization in 1 ms
2026-05-02T04:46:37.285+07:00  INFO [auth-service,,] 72024 --- [auth-service] [trap-executor-0] [                                                 ] c.n.d.s.r.aws.ConfigClusterResolver      : Resolving eureka endpoints via configuration
2026-05-02T04:51:37.297+07:00  INFO [auth-service,,] 72024 --- [auth-service] [trap-executor-0] [                                                 ] c.n.d.s.r.aws.ConfigClusterResolver      : Resolving eureka endpoints via configuration
2026-05-02T04:56:37.306+07:00  INFO [auth-service,,] 72024 --- [auth-service] [trap-executor-0] [                                                 ] c.n.d.s.r.aws.ConfigClusterResolver      : Resolving eureka endpoints via configuration
2026-05-02T05:01:37.316+07:00  INFO [auth-service,,] 72024 --- [auth-service] [trap-executor-0] [                                                 ] c.n.d.s.r.aws.ConfigClusterResolver      : Resolving eureka endpoints via configuration
2026-05-02T05:06:37.332+07:00  INFO [auth-service,,] 72024 --- [auth-service] [trap-executor-0] [                                                 ] c.n.d.s.r.aws.ConfigClusterResolver      : Resolving eureka endpoints via configuration
2026-05-02T05:11:37.344+07:00  INFO [auth-service,,] 72024 --- [auth-service] [trap-executor-0] [                                                 ] c.n.d.s.r.aws.ConfigClusterResolver      : Resolving eureka endpoints via configuration
2026-05-02T05:16:37.356+07:00  INFO [auth-service,,] 72024 --- [auth-service] [trap-executor-0] [                                                 ] c.n.d.s.r.aws.ConfigClusterResolver      : Resolving eureka endpoints via configuration
2026-05-02T05:21:37.308+07:00  INFO [auth-service,,] 72024 --- [auth-service] [trap-executor-0] [                                                 ] c.n.d.s.r.aws.ConfigClusterResolver      : Resolving eureka endpoints via configuration
2026-05-02T05:26:37.317+07:00  INFO [auth-service,,] 72024 --- [auth-service] [trap-executor-0] [                                                 ] c.n.d.s.r.aws.ConfigClusterResolver      : Resolving eureka endpoints via configuration
2026-05-02T05:31:37.327+07:00  INFO [auth-service,,] 72024 --- [auth-service] [trap-executor-0] [                                                 ] c.n.d.s.r.aws.ConfigClusterResolver      : Resolving eureka endpoints via configuration
2026-05-02T05:36:37.335+07:00  INFO [auth-service,,] 72024 --- [auth-service] [trap-executor-0] [                                                 ] c.n.d.s.r.aws.ConfigClusterResolver      : Resolving eureka endpoints via configuration
2026-05-02T05:41:37.349+07:00  INFO [auth-service,,] 72024 --- [auth-service] [trap-executor-0] [                                                 ] c.n.d.s.r.aws.ConfigClusterResolver      : Resolving eureka endpoints via configuration
2026-05-02T05:46:37.364+07:00  INFO [auth-service,,] 72024 --- [auth-service] [trap-executor-0] [                                                 ] c.n.d.s.r.aws.ConfigClusterResolver      : Resolving eureka endpoints via configuration
2026-05-02T05:51:37.374+07:00  INFO [auth-service,,] 72024 --- [auth-service] [trap-executor-0] [                                                 ] c.n.d.s.r.aws.ConfigClusterResolver      : Resolving eureka endpoints via configuration
2026-05-02T05:56:37.387+07:00  INFO [auth-service,,] 72024 --- [auth-service] [trap-executor-0] [                                                 ] c.n.d.s.r.aws.ConfigClusterResolver      : Resolving eureka endpoints via configuration
2026-05-02T06:01:37.399+07:00  INFO [auth-service,,] 72024 --- [auth-service] [trap-executor-0] [                                                 ] c.n.d.s.r.aws.ConfigClusterResolver      : Resolving eureka endpoints via configuration
2026-05-02T06:06:37.408+07:00  INFO [auth-service,,] 72024 --- [auth-service] [trap-executor-0] [                                                 ] c.n.d.s.r.aws.ConfigClusterResolver      : Resolving eureka endpoints via configuration
2026-05-02T06:11:37.415+07:00  INFO [auth-service,,] 72024 --- [auth-service] [trap-executor-0] [                                                 ] c.n.d.s.r.aws.ConfigClusterResolver      : Resolving eureka endpoints via configuration
2026-05-02T06:16:37.427+07:00  INFO [auth-service,,] 72024 --- [auth-service] [trap-executor-0] [                                                 ] c.n.d.s.r.aws.ConfigClusterResolver      : Resolving eureka endpoints via configuration
2026-05-02T06:21:37.440+07:00  INFO [auth-service,,] 72024 --- [auth-service] [trap-executor-0] [                                                 ] c.n.d.s.r.aws.ConfigClusterResolver      : Resolving eureka endpoints via configuration
2026-05-02T06:26:37.451+07:00  INFO [auth-service,,] 72024 --- [auth-service] [trap-executor-0] [                                                 ] c.n.d.s.r.aws.ConfigClusterResolver      : Resolving eureka endpoints via configuration
2026-05-02T06:31:37.463+07:00  INFO [auth-service,,] 72024 --- [auth-service] [trap-executor-0] [                                                 ] c.n.d.s.r.aws.ConfigClusterResolver      : Resolving eureka endpoints via configuration
2026-05-02T06:36:37.471+07:00  INFO [auth-service,,] 72024 --- [auth-service] [trap-executor-0] [                                                 ] c.n.d.s.r.aws.ConfigClusterResolver      : Resolving eureka endpoints via configuration
2026-05-02T06:41:37.481+07:00  INFO [auth-service,,] 72024 --- [auth-service] [trap-executor-0] [                                                 ] c.n.d.s.r.aws.ConfigClusterResolver      : Resolving eureka endpoints via configuration
2026-05-02T06:46:37.490+07:00  INFO [auth-service,,] 72024 --- [auth-service] [trap-executor-0] [                                                 ] c.n.d.s.r.aws.ConfigClusterResolver      : Resolving eureka endpoints via configuration
2026-05-02T06:51:37.498+07:00  INFO [auth-service,,] 72024 --- [auth-service] [trap-executor-0] [                                                 ] c.n.d.s.r.aws.ConfigClusterResolver      : Resolving eureka endpoints via configuration
2026-05-02T06:56:37.510+07:00  INFO [auth-service,,] 72024 --- [auth-service] [trap-executor-0] [                                                 ] c.n.d.s.r.aws.ConfigClusterResolver      : Resolving eureka endpoints via configuration
2026-05-02T07:01:37.519+07:00  INFO [auth-service,,] 72024 --- [auth-service] [trap-executor-0] [                                                 ] c.n.d.s.r.aws.ConfigClusterResolver      : Resolving eureka endpoints via configuration
[INFO] ------------------------------------------------------------------------
[INFO] BUILD FAILURE
[INFO] ------------------------------------------------------------------------
[INFO] Total time:  02:22 h
[INFO] Finished at: 2026-05-02T07:03:35+07:00
[INFO] ------------------------------------------------------------------------
[ERROR] Failed to execute goal org.springframework.boot:spring-boot-maven-plugin:3.2.5:run (default-cli) on project auth-service: Process terminated with exit code: 137 -> [Help 1]
[ERROR] 
[ERROR] To see the full stack trace of the errors, re-run Maven with the -e switch.
[ERROR] Re-run Maven using the -X switch to enable full debug logging.
[ERROR] 
[ERROR] For more information about the errors and possible solutions, please read the following articles:
[ERROR] [Help 1] http://cwiki.apache.org/confluence/display/MAVEN/MojoExecutionException
