
  .   ____          _            __ _ _
 /\\ / ___'_ __ _ _(_)_ __  __ _ \ \ \ \
( ( )\___ | '_ | '_| | '_ \/ _` | \ \ \ \
 \\/  ___)| |_)| | | | | || (_| |  ) ) ) )
  '  |____| .__|_| |_|_| |_\__, | / / / /
 =========|_|==============|___/=/_/_/_/
 :: Spring Boot ::                (v3.2.5)

2026-05-02T10:25:12.342+07:00  INFO [project-service,,] 91200 --- [project-service] [           main] [                                                 ] c.s.project.ProjectServiceApplication    : Starting ProjectServiceApplication v1.0.0-SNAPSHOT using Java 21.0.10 with PID 91200 (/Users/albert-dibimbing/Documents/Coding Repo/smartGig-platform/smartgig-platform/project-service/target/project-service-1.0.0-SNAPSHOT.jar started by albert-dibimbing in /Users/albert-dibimbing/Documents/Coding Repo/smartGig-platform/smartgig-platform/project-service)
2026-05-02T10:25:12.344+07:00  INFO [project-service,,] 91200 --- [project-service] [           main] [                                                 ] c.s.project.ProjectServiceApplication    : The following 1 profile is active: "dev"
2026-05-02T10:25:13.177+07:00  INFO [project-service,,] 91200 --- [project-service] [           main] [                                                 ] .s.d.r.c.RepositoryConfigurationDelegate : Multiple Spring Data modules found, entering strict repository configuration mode
2026-05-02T10:25:13.179+07:00  INFO [project-service,,] 91200 --- [project-service] [           main] [                                                 ] .s.d.r.c.RepositoryConfigurationDelegate : Bootstrapping Spring Data Elasticsearch repositories in DEFAULT mode.
2026-05-02T10:25:13.209+07:00  INFO [project-service,,] 91200 --- [project-service] [           main] [                                                 ] .RepositoryConfigurationExtensionSupport : Spring Data Elasticsearch - Could not safely identify store assignment for repository candidate interface com.smartgig.project.repository.ProjectSkillRequirementRepository; If you want this repository to be a Elasticsearch repository, consider annotating your entities with one of these annotations: org.springframework.data.elasticsearch.annotations.Document (preferred), or consider extending one of the following types with your repository: org.springframework.data.elasticsearch.repository.ElasticsearchRepository, org.springframework.data.elasticsearch.repository.ElasticsearchRepository
2026-05-02T10:25:13.284+07:00  INFO [project-service,,] 91200 --- [project-service] [           main] [                                                 ] .RepositoryConfigurationExtensionSupport : Spring Data Elasticsearch - Could not safely identify store assignment for repository candidate interface com.smartgig.project.repository.ProjectRepository; If you want this repository to be a Elasticsearch repository, consider annotating your entities with one of these annotations: org.springframework.data.elasticsearch.annotations.Document (preferred), or consider extending one of the following types with your repository: org.springframework.data.elasticsearch.repository.ElasticsearchRepository, org.springframework.data.elasticsearch.repository.ElasticsearchRepository
2026-05-02T10:25:13.285+07:00  INFO [project-service,,] 91200 --- [project-service] [           main] [                                                 ] .RepositoryConfigurationExtensionSupport : Spring Data Elasticsearch - Could not safely identify store assignment for repository candidate interface com.smartgig.project.repository.OutboxEventRepository; If you want this repository to be a Elasticsearch repository, consider annotating your entities with one of these annotations: org.springframework.data.elasticsearch.annotations.Document (preferred), or consider extending one of the following types with your repository: org.springframework.data.elasticsearch.repository.ElasticsearchRepository, org.springframework.data.elasticsearch.repository.ElasticsearchRepository
2026-05-02T10:25:13.286+07:00  INFO [project-service,,] 91200 --- [project-service] [           main] [                                                 ] .RepositoryConfigurationExtensionSupport : Spring Data Elasticsearch - Could not safely identify store assignment for repository candidate interface com.smartgig.project.repository.ProjectApplicationRepository; If you want this repository to be a Elasticsearch repository, consider annotating your entities with one of these annotations: org.springframework.data.elasticsearch.annotations.Document (preferred), or consider extending one of the following types with your repository: org.springframework.data.elasticsearch.repository.ElasticsearchRepository, org.springframework.data.elasticsearch.repository.ElasticsearchRepository
2026-05-02T10:25:13.293+07:00  INFO [project-service,,] 91200 --- [project-service] [           main] [                                                 ] .s.d.r.c.RepositoryConfigurationDelegate : Finished Spring Data repository scanning in 111 ms. Found 1 Elasticsearch repository interface.
2026-05-02T10:25:13.297+07:00  INFO [project-service,,] 91200 --- [project-service] [           main] [                                                 ] .s.d.r.c.RepositoryConfigurationDelegate : Multiple Spring Data modules found, entering strict repository configuration mode
2026-05-02T10:25:13.297+07:00  INFO [project-service,,] 91200 --- [project-service] [           main] [                                                 ] .s.d.r.c.RepositoryConfigurationDelegate : Bootstrapping Spring Data Reactive Elasticsearch repositories in DEFAULT mode.
2026-05-02T10:25:13.299+07:00  INFO [project-service,,] 91200 --- [project-service] [           main] [                                                 ] .RepositoryConfigurationExtensionSupport : Spring Data Reactive Elasticsearch - Could not safely identify store assignment for repository candidate interface com.smartgig.project.repository.ProjectSkillRequirementRepository; If you want this repository to be a Reactive Elasticsearch repository, consider annotating your entities with one of these annotations: org.springframework.data.elasticsearch.annotations.Document (preferred), or consider extending one of the following types with your repository: org.springframework.data.elasticsearch.repository.ReactiveElasticsearchRepository
2026-05-02T10:25:13.301+07:00  INFO [project-service,,] 91200 --- [project-service] [           main] [                                                 ] .RepositoryConfigurationExtensionSupport : Spring Data Reactive Elasticsearch - Could not safely identify store assignment for repository candidate interface com.smartgig.project.repository.ProjectRepository; If you want this repository to be a Reactive Elasticsearch repository, consider annotating your entities with one of these annotations: org.springframework.data.elasticsearch.annotations.Document (preferred), or consider extending one of the following types with your repository: org.springframework.data.elasticsearch.repository.ReactiveElasticsearchRepository
2026-05-02T10:25:13.301+07:00  INFO [project-service,,] 91200 --- [project-service] [           main] [                                                 ] .RepositoryConfigurationExtensionSupport : Spring Data Reactive Elasticsearch - Could not safely identify store assignment for repository candidate interface com.smartgig.project.repository.OutboxEventRepository; If you want this repository to be a Reactive Elasticsearch repository, consider annotating your entities with one of these annotations: org.springframework.data.elasticsearch.annotations.Document (preferred), or consider extending one of the following types with your repository: org.springframework.data.elasticsearch.repository.ReactiveElasticsearchRepository
2026-05-02T10:25:13.301+07:00  INFO [project-service,,] 91200 --- [project-service] [           main] [                                                 ] .RepositoryConfigurationExtensionSupport : Spring Data Reactive Elasticsearch - Could not safely identify store assignment for repository candidate interface com.smartgig.project.repository.ProjectApplicationRepository; If you want this repository to be a Reactive Elasticsearch repository, consider annotating your entities with one of these annotations: org.springframework.data.elasticsearch.annotations.Document (preferred), or consider extending one of the following types with your repository: org.springframework.data.elasticsearch.repository.ReactiveElasticsearchRepository
2026-05-02T10:25:13.301+07:00  INFO [project-service,,] 91200 --- [project-service] [           main] [                                                 ] .s.d.r.c.RepositoryConfigurationDelegate : Finished Spring Data repository scanning in 4 ms. Found 0 Reactive Elasticsearch repository interfaces.
2026-05-02T10:25:13.306+07:00  INFO [project-service,,] 91200 --- [project-service] [           main] [                                                 ] .s.d.r.c.RepositoryConfigurationDelegate : Multiple Spring Data modules found, entering strict repository configuration mode
2026-05-02T10:25:13.306+07:00  INFO [project-service,,] 91200 --- [project-service] [           main] [                                                 ] .s.d.r.c.RepositoryConfigurationDelegate : Bootstrapping Spring Data JPA repositories in DEFAULT mode.
2026-05-02T10:25:13.311+07:00  INFO [project-service,,] 91200 --- [project-service] [           main] [                                                 ] .RepositoryConfigurationExtensionSupport : Spring Data JPA - Could not safely identify store assignment for repository candidate interface com.smartgig.project.repository.search.ProjectSearchRepository; If you want this repository to be a JPA repository, consider annotating your entities with one of these annotations: jakarta.persistence.Entity, jakarta.persistence.MappedSuperclass (preferred), or consider extending one of the following types with your repository: org.springframework.data.jpa.repository.JpaRepository
2026-05-02T10:25:13.317+07:00  INFO [project-service,,] 91200 --- [project-service] [           main] [                                                 ] .s.d.r.c.RepositoryConfigurationDelegate : Finished Spring Data repository scanning in 9 ms. Found 4 JPA repository interfaces.
2026-05-02T10:25:13.543+07:00  INFO [project-service,,] 91200 --- [project-service] [           main] [                                                 ] o.s.cloud.context.scope.GenericScope     : BeanFactory id=201fd64f-4d66-33ba-8d25-a7ddeba5e4eb
2026-05-02T10:25:13.762+07:00  WARN [project-service,,] 91200 --- [project-service] [           main] [                                                 ] trationDelegate$BeanPostProcessorChecker : Bean 'org.springframework.statemachine.config.configuration.StateMachineAnnotationPostProcessorConfiguration' of type [org.springframework.statemachine.config.configuration.StateMachineAnnotationPostProcessorConfiguration$$SpringCGLIB$$0] is not eligible for getting processed by all BeanPostProcessors (for example: not eligible for auto-proxying). The currently created BeanPostProcessor [org.springframework.statemachine.processor.stateMachineAnnotationPostProcessor] is declared through a non-static factory method on that class; consider declaring it as static instead.
2026-05-02T10:25:13.787+07:00  WARN [project-service,,] 91200 --- [project-service] [           main] [                                                 ] trationDelegate$BeanPostProcessorChecker : Bean 'org.springframework.cloud.client.loadbalancer.LoadBalancerAutoConfiguration$DeferringLoadBalancerInterceptorConfig' of type [org.springframework.cloud.client.loadbalancer.LoadBalancerAutoConfiguration$DeferringLoadBalancerInterceptorConfig] is not eligible for getting processed by all BeanPostProcessors (for example: not eligible for auto-proxying). The currently created BeanPostProcessor [lbRestClientPostProcessor] is declared through a non-static factory method on that class; consider declaring it as static instead.
2026-05-02T10:25:13.789+07:00  WARN [project-service,,] 91200 --- [project-service] [           main] [                                                 ] trationDelegate$BeanPostProcessorChecker : Bean 'deferringLoadBalancerInterceptor' of type [org.springframework.cloud.client.loadbalancer.DeferringLoadBalancerInterceptor] is not eligible for getting processed by all BeanPostProcessors (for example: not eligible for auto-proxying). Is this bean getting eagerly injected into a currently created BeanPostProcessor [lbRestClientPostProcessor]? Check the corresponding BeanPostProcessor declaration and its dependencies.
2026-05-02T10:25:13.939+07:00  INFO [project-service,,] 91200 --- [project-service] [           main] [                                                 ] o.s.b.w.embedded.tomcat.TomcatWebServer  : Tomcat initialized with port 8083 (http)
2026-05-02T10:25:13.944+07:00  INFO [project-service,,] 91200 --- [project-service] [           main] [                                                 ] o.apache.catalina.core.StandardService   : Starting service [Tomcat]
2026-05-02T10:25:13.945+07:00  INFO [project-service,,] 91200 --- [project-service] [           main] [                                                 ] o.apache.catalina.core.StandardEngine    : Starting Servlet engine: [Apache Tomcat/10.1.20]
2026-05-02T10:25:13.961+07:00  INFO [project-service,,] 91200 --- [project-service] [           main] [                                                 ] o.a.c.c.C.[Tomcat].[localhost].[/]       : Initializing Spring embedded WebApplicationContext
2026-05-02T10:25:13.962+07:00  INFO [project-service,,] 91200 --- [project-service] [           main] [                                                 ] w.s.c.ServletWebServerApplicationContext : Root WebApplicationContext: initialization completed in 1566 ms
2026-05-02T10:25:14.329+07:00  INFO [project-service,,] 91200 --- [project-service] [           main] [                                                 ] com.zaxxer.hikari.HikariDataSource       : HikariPool-1 - Starting...
2026-05-02T10:25:14.468+07:00  INFO [project-service,,] 91200 --- [project-service] [           main] [                                                 ] com.zaxxer.hikari.pool.HikariPool        : HikariPool-1 - Added connection org.postgresql.jdbc.PgConnection@50930bff
2026-05-02T10:25:14.469+07:00  INFO [project-service,,] 91200 --- [project-service] [           main] [                                                 ] com.zaxxer.hikari.HikariDataSource       : HikariPool-1 - Start completed.
2026-05-02T10:25:14.513+07:00  INFO [project-service,,] 91200 --- [project-service] [           main] [                                                 ] o.f.c.internal.license.VersionPrinter    : Flyway Community Edition 9.22.3 by Redgate
2026-05-02T10:25:14.513+07:00  INFO [project-service,,] 91200 --- [project-service] [           main] [                                                 ] o.f.c.internal.license.VersionPrinter    : See release notes here: https://rd.gt/416ObMi
2026-05-02T10:25:14.513+07:00  INFO [project-service,,] 91200 --- [project-service] [           main] [                                                 ] o.f.c.internal.license.VersionPrinter    : 
2026-05-02T10:25:14.522+07:00  INFO [project-service,,] 91200 --- [project-service] [           main] [                                                 ] org.flywaydb.core.FlywayExecutor         : Database: jdbc:postgresql://localhost:5433/smartgig_project (PostgreSQL 16.13)
2026-05-02T10:25:14.526+07:00  WARN [project-service,,] 91200 --- [project-service] [           main] [                                                 ] o.f.c.internal.database.base.Database    : Flyway upgrade recommended: PostgreSQL 16.13 is newer than this version of Flyway and support has not been tested. The latest supported version of PostgreSQL is 15.
2026-05-02T10:25:14.541+07:00  INFO [project-service,,] 91200 --- [project-service] [           main] [                                                 ] o.f.c.i.s.JdbcTableSchemaHistory         : Schema history table "public"."flyway_schema_history" does not exist yet
2026-05-02T10:25:14.543+07:00  INFO [project-service,,] 91200 --- [project-service] [           main] [                                                 ] o.f.core.internal.command.DbValidate     : Successfully validated 4 migrations (execution time 00:00.009s)
2026-05-02T10:25:14.557+07:00  INFO [project-service,,] 91200 --- [project-service] [           main] [                                                 ] o.f.c.i.s.JdbcTableSchemaHistory         : Creating Schema History table "public"."flyway_schema_history" ...
2026-05-02T10:25:14.609+07:00  INFO [project-service,,] 91200 --- [project-service] [           main] [                                                 ] o.f.core.internal.command.DbMigrate      : Current version of schema "public": << Empty Schema >>
2026-05-02T10:25:14.613+07:00  INFO [project-service,,] 91200 --- [project-service] [           main] [                                                 ] o.f.core.internal.command.DbMigrate      : Migrating schema "public" to version "1 - create projects table"
2026-05-02T10:25:14.666+07:00  INFO [project-service,,] 91200 --- [project-service] [           main] [                                                 ] o.f.core.internal.command.DbMigrate      : Migrating schema "public" to version "2 - create project skill requirements table"
2026-05-02T10:25:14.706+07:00  INFO [project-service,,] 91200 --- [project-service] [           main] [                                                 ] o.f.core.internal.command.DbMigrate      : Migrating schema "public" to version "3 - create project applications table"
2026-05-02T10:25:14.729+07:00  INFO [project-service,,] 91200 --- [project-service] [           main] [                                                 ] o.f.core.internal.command.DbMigrate      : Migrating schema "public" to version "4 - create outbox events table"
2026-05-02T10:25:14.745+07:00  INFO [project-service,,] 91200 --- [project-service] [           main] [                                                 ] o.f.core.internal.command.DbMigrate      : Successfully applied 4 migrations to schema "public", now at version v4 (execution time 00:00.068s)
2026-05-02T10:25:14.795+07:00  INFO [project-service,,] 91200 --- [project-service] [           main] [                                                 ] o.hibernate.jpa.internal.util.LogHelper  : HHH000204: Processing PersistenceUnitInfo [name: default]
2026-05-02T10:25:14.824+07:00  INFO [project-service,,] 91200 --- [project-service] [           main] [                                                 ] org.hibernate.Version                    : HHH000412: Hibernate ORM core version 6.4.4.Final
2026-05-02T10:25:14.840+07:00  INFO [project-service,,] 91200 --- [project-service] [           main] [                                                 ] o.h.c.internal.RegionFactoryInitiator    : HHH000026: Second-level cache disabled
2026-05-02T10:25:14.946+07:00  INFO [project-service,,] 91200 --- [project-service] [           main] [                                                 ] o.s.o.j.p.SpringPersistenceUnitInfo      : No LoadTimeWeaver setup: ignoring JPA class transformer
2026-05-02T10:25:15.475+07:00  INFO [project-service,,] 91200 --- [project-service] [           main] [                                                 ] o.h.e.t.j.p.i.JtaPlatformInitiator       : HHH000489: No JTA platform available (set 'hibernate.transaction.jta.platform' to enable JTA platform integration)
2026-05-02T10:25:15.507+07:00  INFO [project-service,,] 91200 --- [project-service] [           main] [                                                 ] j.LocalContainerEntityManagerFactoryBean : Initialized JPA EntityManagerFactory for persistence unit 'default'
2026-05-02T10:25:16.019+07:00  INFO [project-service,,] 91200 --- [project-service] [           main] [                                                 ] o.s.d.j.r.query.QueryEnhancerFactory     : Hibernate is in classpath; If applicable, HQL parser will be used.
2026-05-02T10:25:16.360+07:00  WARN [project-service,,] 91200 --- [project-service] [           main] [                                                 ] JpaBaseConfiguration$JpaWebConfiguration : spring.jpa.open-in-view is enabled by default. Therefore, database queries may be performed during view rendering. Explicitly configure spring.jpa.open-in-view to disable this warning
2026-05-02T10:25:16.376+07:00  WARN [project-service,,] 91200 --- [project-service] [           main] [                                                 ] .s.s.UserDetailsServiceAutoConfiguration : 

Using generated security password: a0da504c-a94a-4c1a-b623-1ca22ef27139

This generated password is for development use only. Your security configuration must be updated before running your application in production.

2026-05-02T10:25:16.583+07:00  INFO [project-service,,] 91200 --- [project-service] [           main] [                                                 ] o.s.b.a.e.web.EndpointLinksResolver      : Exposing 5 endpoint(s) beneath base path '/actuator'
2026-05-02T10:25:16.614+07:00  INFO [project-service,,] 91200 --- [project-service] [           main] [                                                 ] o.s.s.web.DefaultSecurityFilterChain     : Will secure any request with [org.springframework.security.web.session.DisableEncodeUrlFilter@1c9b887a, org.springframework.security.web.context.request.async.WebAsyncManagerIntegrationFilter@1dece75a, org.springframework.security.web.context.SecurityContextHolderFilter@4a26a54b, org.springframework.security.web.header.HeaderWriterFilter@2579cc85, org.springframework.web.filter.CorsFilter@797ec046, org.springframework.security.web.authentication.logout.LogoutFilter@57465bba, com.smartgig.project.config.SecurityConfig$1@30ed4034, org.springframework.security.web.savedrequest.RequestCacheAwareFilter@1e2f67e9, org.springframework.security.web.servletapi.SecurityContextHolderAwareRequestFilter@789f27e5, org.springframework.security.web.authentication.AnonymousAuthenticationFilter@41313f58, org.springframework.security.web.session.SessionManagementFilter@411d3b5e, org.springframework.security.web.access.ExceptionTranslationFilter@428fef32, org.springframework.security.web.access.intercept.AuthorizationFilter@40f2ae53]
2026-05-02T10:25:16.988+07:00  INFO [project-service,,] 91200 --- [project-service] [           main] [                                                 ] DiscoveryClientOptionalArgsConfiguration : Eureka HTTP Client uses RestTemplate.
2026-05-02T10:25:17.024+07:00  WARN [project-service,,] 91200 --- [project-service] [           main] [                                                 ] iguration$LoadBalancerCaffeineWarnLogger : Spring Cloud LoadBalancer is currently working with the default cache. While this cache implementation is useful for development and tests, it's recommended to use Caffeine cache in production.You can switch to using Caffeine cache, by adding it and org.springframework.cache.caffeine.CaffeineCacheManager to the classpath.
2026-05-02T10:25:17.062+07:00  INFO [project-service,,] 91200 --- [project-service] [           main] [                                                 ] o.s.c.n.eureka.InstanceInfoFactory       : Setting initial instance status as: STARTING
2026-05-02T10:25:17.118+07:00  INFO [project-service,,] 91200 --- [project-service] [           main] [                                                 ] com.netflix.discovery.DiscoveryClient    : Initializing Eureka in region us-east-1
2026-05-02T10:25:17.120+07:00  INFO [project-service,,] 91200 --- [project-service] [           main] [                                                 ] c.n.d.s.r.aws.ConfigClusterResolver      : Resolving eureka endpoints via configuration
2026-05-02T10:25:17.142+07:00  INFO [project-service,,] 91200 --- [project-service] [           main] [                                                 ] com.netflix.discovery.DiscoveryClient    : Disable delta property : false
2026-05-02T10:25:17.142+07:00  INFO [project-service,,] 91200 --- [project-service] [           main] [                                                 ] com.netflix.discovery.DiscoveryClient    : Single vip registry refresh property : null
2026-05-02T10:25:17.142+07:00  INFO [project-service,,] 91200 --- [project-service] [           main] [                                                 ] com.netflix.discovery.DiscoveryClient    : Force full registry fetch : false
2026-05-02T10:25:17.142+07:00  INFO [project-service,,] 91200 --- [project-service] [           main] [                                                 ] com.netflix.discovery.DiscoveryClient    : Application is null : false
2026-05-02T10:25:17.142+07:00  INFO [project-service,,] 91200 --- [project-service] [           main] [                                                 ] com.netflix.discovery.DiscoveryClient    : Registered Applications size is zero : true
2026-05-02T10:25:17.142+07:00  INFO [project-service,,] 91200 --- [project-service] [           main] [                                                 ] com.netflix.discovery.DiscoveryClient    : Application version is -1: true
2026-05-02T10:25:17.142+07:00  INFO [project-service,,] 91200 --- [project-service] [           main] [                                                 ] com.netflix.discovery.DiscoveryClient    : Getting all instance registry info from the eureka server
2026-05-02T10:25:17.270+07:00  INFO [project-service,,] 91200 --- [project-service] [           main] [                                                 ] com.netflix.discovery.DiscoveryClient    : The response status is 200
2026-05-02T10:25:17.272+07:00  INFO [project-service,,] 91200 --- [project-service] [           main] [                                                 ] com.netflix.discovery.DiscoveryClient    : Starting heartbeat executor: renew interval is: 30
2026-05-02T10:25:17.273+07:00  INFO [project-service,,] 91200 --- [project-service] [           main] [                                                 ] c.n.discovery.InstanceInfoReplicator     : InstanceInfoReplicator onDemand update allowed rate per min is 4
2026-05-02T10:25:17.275+07:00  INFO [project-service,,] 91200 --- [project-service] [           main] [                                                 ] com.netflix.discovery.DiscoveryClient    : Discovery Client initialized at timestamp 1777692317275 with initial instances count: 3
2026-05-02T10:25:17.280+07:00  INFO [project-service,,] 91200 --- [project-service] [           main] [                                                 ] o.s.c.n.e.s.EurekaServiceRegistry        : Registering application PROJECT-SERVICE with eureka with status UP
2026-05-02T10:25:17.280+07:00  INFO [project-service,,] 91200 --- [project-service] [           main] [                                                 ] com.netflix.discovery.DiscoveryClient    : Saw local status change event StatusChangeEvent [timestamp=1777692317280, current=UP, previous=STARTING]
2026-05-02T10:25:17.286+07:00  INFO [project-service,,] 91200 --- [project-service] [nfoReplicator-0] [                                                 ] com.netflix.discovery.DiscoveryClient    : DiscoveryClient_PROJECT-SERVICE/192.168.1.72:project-service:8083: registering service...
2026-05-02T10:25:17.294+07:00  INFO [project-service,,] 91200 --- [project-service] [           main] [                                                 ] o.s.b.w.embedded.tomcat.TomcatWebServer  : Tomcat started on port 8083 (http) with context path ''
2026-05-02T10:25:17.296+07:00  INFO [project-service,,] 91200 --- [project-service] [           main] [                                                 ] .s.c.n.e.s.EurekaAutoServiceRegistration : Updating port to 8083
2026-05-02T10:25:17.311+07:00  INFO [project-service,,] 91200 --- [project-service] [nfoReplicator-0] [                                                 ] com.netflix.discovery.DiscoveryClient    : DiscoveryClient_PROJECT-SERVICE/192.168.1.72:project-service:8083 - registration status: 204
2026-05-02T10:25:17.313+07:00  INFO [project-service,,] 91200 --- [project-service] [           main] [                                                 ] c.s.project.ProjectServiceApplication    : Started ProjectServiceApplication in 5.385 seconds (process running for 5.972)
2026-05-02T10:25:23.363+07:00  INFO [project-service,,] 91200 --- [project-service] [nio-8083-exec-1] [                                                 ] o.a.c.c.C.[Tomcat].[localhost].[/]       : Initializing Spring DispatcherServlet 'dispatcherServlet'
2026-05-02T10:25:23.364+07:00  INFO [project-service,,] 91200 --- [project-service] [nio-8083-exec-1] [                                                 ] o.s.web.servlet.DispatcherServlet        : Initializing Servlet 'dispatcherServlet'
2026-05-02T10:25:23.366+07:00  INFO [project-service,,] 91200 --- [project-service] [nio-8083-exec-1] [                                                 ] o.s.web.servlet.DispatcherServlet        : Completed initialization in 2 ms
2026-05-02T10:30:17.149+07:00  INFO [project-service,,] 91200 --- [project-service] [trap-executor-0] [                                                 ] c.n.d.s.r.aws.ConfigClusterResolver      : Resolving eureka endpoints via configuration
2026-05-02T10:35:17.157+07:00  INFO [project-service,,] 91200 --- [project-service] [trap-executor-0] [                                                 ] c.n.d.s.r.aws.ConfigClusterResolver      : Resolving eureka endpoints via configuration
2026-05-02T10:40:17.184+07:00  INFO [project-service,,] 91200 --- [project-service] [trap-executor-0] [                                                 ] c.n.d.s.r.aws.ConfigClusterResolver      : Resolving eureka endpoints via configuration
2026-05-02T10:45:17.193+07:00  INFO [project-service,,] 91200 --- [project-service] [trap-executor-0] [                                                 ] c.n.d.s.r.aws.ConfigClusterResolver      : Resolving eureka endpoints via configuration
2026-05-02T10:50:17.205+07:00  INFO [project-service,,] 91200 --- [project-service] [trap-executor-0] [                                                 ] c.n.d.s.r.aws.ConfigClusterResolver      : Resolving eureka endpoints via configuration
2026-05-02T10:55:17.215+07:00  INFO [project-service,,] 91200 --- [project-service] [trap-executor-0] [                                                 ] c.n.d.s.r.aws.ConfigClusterResolver      : Resolving eureka endpoints via configuration
2026-05-02T11:00:17.226+07:00  INFO [project-service,,] 91200 --- [project-service] [trap-executor-0] [                                                 ] c.n.d.s.r.aws.ConfigClusterResolver      : Resolving eureka endpoints via configuration
2026-05-02T11:05:17.236+07:00  INFO [project-service,,] 91200 --- [project-service] [trap-executor-0] [                                                 ] c.n.d.s.r.aws.ConfigClusterResolver      : Resolving eureka endpoints via configuration
2026-05-02T11:10:17.247+07:00  INFO [project-service,,] 91200 --- [project-service] [trap-executor-0] [                                                 ] c.n.d.s.r.aws.ConfigClusterResolver      : Resolving eureka endpoints via configuration
2026-05-02T11:15:17.258+07:00  INFO [project-service,,] 91200 --- [project-service] [trap-executor-0] [                                                 ] c.n.d.s.r.aws.ConfigClusterResolver      : Resolving eureka endpoints via configuration
2026-05-02T11:20:17.268+07:00  INFO [project-service,,] 91200 --- [project-service] [trap-executor-0] [                                                 ] c.n.d.s.r.aws.ConfigClusterResolver      : Resolving eureka endpoints via configuration
2026-05-02T11:25:17.279+07:00  INFO [project-service,,] 91200 --- [project-service] [trap-executor-0] [                                                 ] c.n.d.s.r.aws.ConfigClusterResolver      : Resolving eureka endpoints via configuration
2026-05-02T11:30:17.286+07:00  INFO [project-service,,] 91200 --- [project-service] [trap-executor-0] [                                                 ] c.n.d.s.r.aws.ConfigClusterResolver      : Resolving eureka endpoints via configuration
2026-05-02T11:35:17.295+07:00  INFO [project-service,,] 91200 --- [project-service] [trap-executor-0] [                                                 ] c.n.d.s.r.aws.ConfigClusterResolver      : Resolving eureka endpoints via configuration
2026-05-02T11:40:17.300+07:00  INFO [project-service,,] 91200 --- [project-service] [trap-executor-0] [                                                 ] c.n.d.s.r.aws.ConfigClusterResolver      : Resolving eureka endpoints via configuration
2026-05-02T11:45:17.312+07:00  INFO [project-service,,] 91200 --- [project-service] [trap-executor-0] [                                                 ] c.n.d.s.r.aws.ConfigClusterResolver      : Resolving eureka endpoints via configuration
2026-05-02T11:50:17.322+07:00  INFO [project-service,,] 91200 --- [project-service] [trap-executor-0] [                                                 ] c.n.d.s.r.aws.ConfigClusterResolver      : Resolving eureka endpoints via configuration
2026-05-02T11:55:17.331+07:00  INFO [project-service,,] 91200 --- [project-service] [trap-executor-0] [                                                 ] c.n.d.s.r.aws.ConfigClusterResolver      : Resolving eureka endpoints via configuration
2026-05-02T12:00:17.340+07:00  INFO [project-service,,] 91200 --- [project-service] [trap-executor-0] [                                                 ] c.n.d.s.r.aws.ConfigClusterResolver      : Resolving eureka endpoints via configuration
2026-05-02T12:05:17.348+07:00  INFO [project-service,,] 91200 --- [project-service] [trap-executor-0] [                                                 ] c.n.d.s.r.aws.ConfigClusterResolver      : Resolving eureka endpoints via configuration
2026-05-02T12:10:17.356+07:00  INFO [project-service,,] 91200 --- [project-service] [trap-executor-0] [                                                 ] c.n.d.s.r.aws.ConfigClusterResolver      : Resolving eureka endpoints via configuration
2026-05-02T12:15:17.309+07:00  INFO [project-service,,] 91200 --- [project-service] [trap-executor-0] [                                                 ] c.n.d.s.r.aws.ConfigClusterResolver      : Resolving eureka endpoints via configuration
2026-05-02T12:20:17.315+07:00  INFO [project-service,,] 91200 --- [project-service] [trap-executor-0] [                                                 ] c.n.d.s.r.aws.ConfigClusterResolver      : Resolving eureka endpoints via configuration
2026-05-02T12:25:17.321+07:00  INFO [project-service,,] 91200 --- [project-service] [trap-executor-0] [                                                 ] c.n.d.s.r.aws.ConfigClusterResolver      : Resolving eureka endpoints via configuration
2026-05-02T12:30:17.303+07:00  INFO [project-service,,] 91200 --- [project-service] [trap-executor-0] [                                                 ] c.n.d.s.r.aws.ConfigClusterResolver      : Resolving eureka endpoints via configuration
2026-05-02T12:35:17.311+07:00  INFO [project-service,,] 91200 --- [project-service] [trap-executor-0] [                                                 ] c.n.d.s.r.aws.ConfigClusterResolver      : Resolving eureka endpoints via configuration
2026-05-02T12:40:17.316+07:00  INFO [project-service,,] 91200 --- [project-service] [trap-executor-0] [                                                 ] c.n.d.s.r.aws.ConfigClusterResolver      : Resolving eureka endpoints via configuration
2026-05-02T12:45:17.324+07:00  INFO [project-service,,] 91200 --- [project-service] [trap-executor-0] [                                                 ] c.n.d.s.r.aws.ConfigClusterResolver      : Resolving eureka endpoints via configuration
2026-05-02T12:50:17.329+07:00  INFO [project-service,,] 91200 --- [project-service] [trap-executor-0] [                                                 ] c.n.d.s.r.aws.ConfigClusterResolver      : Resolving eureka endpoints via configuration
2026-05-02T12:55:17.334+07:00  INFO [project-service,,] 91200 --- [project-service] [trap-executor-0] [                                                 ] c.n.d.s.r.aws.ConfigClusterResolver      : Resolving eureka endpoints via configuration
2026-05-02T13:00:17.340+07:00  INFO [project-service,,] 91200 --- [project-service] [trap-executor-0] [                                                 ] c.n.d.s.r.aws.ConfigClusterResolver      : Resolving eureka endpoints via configuration
2026-05-02T13:05:17.347+07:00  INFO [project-service,,] 91200 --- [project-service] [trap-executor-0] [                                                 ] c.n.d.s.r.aws.ConfigClusterResolver      : Resolving eureka endpoints via configuration
2026-05-02T13:10:17.352+07:00  INFO [project-service,,] 91200 --- [project-service] [trap-executor-0] [                                                 ] c.n.d.s.r.aws.ConfigClusterResolver      : Resolving eureka endpoints via configuration
2026-05-02T13:15:17.355+07:00  INFO [project-service,,] 91200 --- [project-service] [trap-executor-0] [                                                 ] c.n.d.s.r.aws.ConfigClusterResolver      : Resolving eureka endpoints via configuration
2026-05-02T13:20:17.357+07:00  INFO [project-service,,] 91200 --- [project-service] [trap-executor-0] [                                                 ] c.n.d.s.r.aws.ConfigClusterResolver      : Resolving eureka endpoints via configuration
2026-05-02T13:25:17.361+07:00  INFO [project-service,,] 91200 --- [project-service] [trap-executor-0] [                                                 ] c.n.d.s.r.aws.ConfigClusterResolver      : Resolving eureka endpoints via configuration
2026-05-02T13:30:17.366+07:00  INFO [project-service,,] 91200 --- [project-service] [trap-executor-0] [                                                 ] c.n.d.s.r.aws.ConfigClusterResolver      : Resolving eureka endpoints via configuration
2026-05-02T13:35:17.338+07:00  INFO [project-service,,] 91200 --- [project-service] [trap-executor-0] [                                                 ] c.n.d.s.r.aws.ConfigClusterResolver      : Resolving eureka endpoints via configuration
2026-05-02T13:40:17.345+07:00  INFO [project-service,,] 91200 --- [project-service] [trap-executor-0] [                                                 ] c.n.d.s.r.aws.ConfigClusterResolver      : Resolving eureka endpoints via configuration
2026-05-02T13:45:17.353+07:00  INFO [project-service,,] 91200 --- [project-service] [trap-executor-0] [                                                 ] c.n.d.s.r.aws.ConfigClusterResolver      : Resolving eureka endpoints via configuration
2026-05-02T13:47:54.001+07:00  WARN [project-service,,] 91200 --- [project-service] [ender@4a5066f5}] [                                                 ] z.r.AsyncReporter$BoundedAsyncReporter   : Spans were dropped due to exceptions. All subsequent errors will be logged at FINE level.
2026-05-02T13:47:54.005+07:00  WARN [project-service,,] 91200 --- [project-service] [ender@4a5066f5}] [                                                 ] z.r.AsyncReporter$BoundedAsyncReporter   : Dropped 5 spans due to ResourceAccessException(I/O error on POST request for "http://localhost:9411/api/v2/spans": localhost:9411 failed to respond)

org.springframework.web.client.ResourceAccessException: I/O error on POST request for "http://localhost:9411/api/v2/spans": localhost:9411 failed to respond
	at org.springframework.web.client.RestTemplate.createResourceAccessException(RestTemplate.java:915) ~[spring-web-6.1.6.jar!/:6.1.6]
	at org.springframework.web.client.RestTemplate.doExecute(RestTemplate.java:895) ~[spring-web-6.1.6.jar!/:6.1.6]
	at org.springframework.web.client.RestTemplate.execute(RestTemplate.java:790) ~[spring-web-6.1.6.jar!/:6.1.6]
	at org.springframework.web.client.RestTemplate.exchange(RestTemplate.java:672) ~[spring-web-6.1.6.jar!/:6.1.6]
	at org.springframework.boot.actuate.autoconfigure.tracing.zipkin.ZipkinRestTemplateSender$RestTemplateHttpPostCall.doExecute(ZipkinRestTemplateSender.java:68) ~[spring-boot-actuator-autoconfigure-3.2.5.jar!/:3.2.5]
	at org.springframework.boot.actuate.autoconfigure.tracing.zipkin.ZipkinRestTemplateSender$RestTemplateHttpPostCall.doExecute(ZipkinRestTemplateSender.java:48) ~[spring-boot-actuator-autoconfigure-3.2.5.jar!/:3.2.5]
	at zipkin2.Call$Base.execute(Call.java:391) ~[zipkin-2.23.2.jar!/:na]
	at zipkin2.reporter.AsyncReporter$BoundedAsyncReporter.flush(AsyncReporter.java:299) ~[zipkin-reporter-2.16.3.jar!/:na]
	at zipkin2.reporter.AsyncReporter$Flusher.run(AsyncReporter.java:378) ~[zipkin-reporter-2.16.3.jar!/:na]
	at java.base/java.lang.Thread.run(Thread.java:1583) ~[na:na]
Caused by: org.apache.hc.core5.http.NoHttpResponseException: localhost:9411 failed to respond
	at org.apache.hc.core5.http.impl.io.DefaultBHttpClientConnection.receiveResponseHeader(DefaultBHttpClientConnection.java:301) ~[httpcore5-5.2.4.jar!/:5.2.4]
	at org.apache.hc.core5.http.impl.io.HttpRequestExecutor.execute(HttpRequestExecutor.java:175) ~[httpcore5-5.2.4.jar!/:5.2.4]
	at org.apache.hc.core5.http.impl.io.HttpRequestExecutor.execute(HttpRequestExecutor.java:218) ~[httpcore5-5.2.4.jar!/:5.2.4]
	at org.apache.hc.client5.http.impl.io.PoolingHttpClientConnectionManager$InternalConnectionEndpoint.execute(PoolingHttpClientConnectionManager.java:712) ~[httpclient5-5.2.3.jar!/:5.2.3]
	at org.apache.hc.client5.http.impl.classic.InternalExecRuntime.execute(InternalExecRuntime.java:216) ~[httpclient5-5.2.3.jar!/:5.2.3]
	at org.apache.hc.client5.http.impl.classic.MainClientExec.execute(MainClientExec.java:116) ~[httpclient5-5.2.3.jar!/:5.2.3]
	at org.apache.hc.client5.http.impl.classic.ExecChainElement.execute(ExecChainElement.java:51) ~[httpclient5-5.2.3.jar!/:5.2.3]
	at org.apache.hc.client5.http.impl.classic.ConnectExec.execute(ConnectExec.java:188) ~[httpclient5-5.2.3.jar!/:5.2.3]
	at org.apache.hc.client5.http.impl.classic.ExecChainElement.execute(ExecChainElement.java:51) ~[httpclient5-5.2.3.jar!/:5.2.3]
	at org.apache.hc.client5.http.impl.classic.ProtocolExec.execute(ProtocolExec.java:192) ~[httpclient5-5.2.3.jar!/:5.2.3]
	at org.apache.hc.client5.http.impl.classic.ExecChainElement.execute(ExecChainElement.java:51) ~[httpclient5-5.2.3.jar!/:5.2.3]
	at org.apache.hc.client5.http.impl.classic.HttpRequestRetryExec.execute(HttpRequestRetryExec.java:96) ~[httpclient5-5.2.3.jar!/:5.2.3]
	at org.apache.hc.client5.http.impl.classic.ExecChainElement.execute(ExecChainElement.java:51) ~[httpclient5-5.2.3.jar!/:5.2.3]
	at org.apache.hc.client5.http.impl.classic.ContentCompressionExec.execute(ContentCompressionExec.java:152) ~[httpclient5-5.2.3.jar!/:5.2.3]
	at org.apache.hc.client5.http.impl.classic.ExecChainElement.execute(ExecChainElement.java:51) ~[httpclient5-5.2.3.jar!/:5.2.3]
	at org.apache.hc.client5.http.impl.classic.RedirectExec.execute(RedirectExec.java:115) ~[httpclient5-5.2.3.jar!/:5.2.3]
	at org.apache.hc.client5.http.impl.classic.ExecChainElement.execute(ExecChainElement.java:51) ~[httpclient5-5.2.3.jar!/:5.2.3]
	at org.apache.hc.client5.http.impl.classic.InternalHttpClient.doExecute(InternalHttpClient.java:170) ~[httpclient5-5.2.3.jar!/:5.2.3]
	at org.apache.hc.client5.http.impl.classic.CloseableHttpClient.execute(CloseableHttpClient.java:87) ~[httpclient5-5.2.3.jar!/:5.2.3]
	at org.apache.hc.client5.http.impl.classic.CloseableHttpClient.execute(CloseableHttpClient.java:55) ~[httpclient5-5.2.3.jar!/:5.2.3]
	at org.apache.hc.client5.http.classic.HttpClient.executeOpen(HttpClient.java:183) ~[httpclient5-5.2.3.jar!/:5.2.3]
	at org.springframework.http.client.HttpComponentsClientHttpRequest.executeInternal(HttpComponentsClientHttpRequest.java:95) ~[spring-web-6.1.6.jar!/:6.1.6]
	at org.springframework.http.client.AbstractStreamingClientHttpRequest.executeInternal(AbstractStreamingClientHttpRequest.java:70) ~[spring-web-6.1.6.jar!/:6.1.6]
	at org.springframework.http.client.AbstractClientHttpRequest.execute(AbstractClientHttpRequest.java:66) ~[spring-web-6.1.6.jar!/:6.1.6]
	at org.springframework.web.client.RestTemplate.doExecute(RestTemplate.java:889) ~[spring-web-6.1.6.jar!/:6.1.6]
	... 8 common frames omitted

2026-05-02T13:50:17.455+07:00  INFO [project-service,,] 91200 --- [project-service] [trap-executor-0] [                                                 ] c.n.d.s.r.aws.ConfigClusterResolver      : Resolving eureka endpoints via configuration
2026-05-02T13:55:17.464+07:00  INFO [project-service,,] 91200 --- [project-service] [trap-executor-0] [                                                 ] c.n.d.s.r.aws.ConfigClusterResolver      : Resolving eureka endpoints via configuration
2026-05-02T14:00:17.469+07:00  INFO [project-service,,] 91200 --- [project-service] [trap-executor-0] [                                                 ] c.n.d.s.r.aws.ConfigClusterResolver      : Resolving eureka endpoints via configuration
