
  .   ____          _            __ _ _
 /\\ / ___'_ __ _ _(_)_ __  __ _ \ \ \ \
( ( )\___ | '_ | '_| | '_ \/ _` | \ \ \ \
 \\/  ___)| |_)| | | | | || (_| |  ) ) ) )
  '  |____| .__|_| |_|_| |_\__, | / / / /
 =========|_|==============|___/=/_/_/_/
 :: Spring Boot ::                (v3.2.5)

2026-05-02T10:27:22.465+07:00  INFO [user-service,,] 8373 --- [user-service] [           main] [                                                 ] c.smartgig.user.UserServiceApplication   : Starting UserServiceApplication v1.0.0-SNAPSHOT using Java 21.0.10 with PID 8373 (/Users/albert-dibimbing/Documents/Coding Repo/smartGig-platform/smartgig-platform/user-service/target/user-service-1.0.0-SNAPSHOT.jar started by albert-dibimbing in /Users/albert-dibimbing/Documents/Coding Repo/smartGig-platform/smartgig-platform/user-service)
2026-05-02T10:27:22.468+07:00  INFO [user-service,,] 8373 --- [user-service] [           main] [                                                 ] c.smartgig.user.UserServiceApplication   : The following 1 profile is active: "dev"
2026-05-02T10:27:23.885+07:00  INFO [user-service,,] 8373 --- [user-service] [           main] [                                                 ] .s.d.r.c.RepositoryConfigurationDelegate : Multiple Spring Data modules found, entering strict repository configuration mode
2026-05-02T10:27:23.886+07:00  INFO [user-service,,] 8373 --- [user-service] [           main] [                                                 ] .s.d.r.c.RepositoryConfigurationDelegate : Bootstrapping Spring Data JPA repositories in DEFAULT mode.
2026-05-02T10:27:24.015+07:00  INFO [user-service,,] 8373 --- [user-service] [           main] [                                                 ] .s.d.r.c.RepositoryConfigurationDelegate : Finished Spring Data repository scanning in 122 ms. Found 4 JPA repository interfaces.
2026-05-02T10:27:24.025+07:00  INFO [user-service,,] 8373 --- [user-service] [           main] [                                                 ] .s.d.r.c.RepositoryConfigurationDelegate : Multiple Spring Data modules found, entering strict repository configuration mode
2026-05-02T10:27:24.025+07:00  INFO [user-service,,] 8373 --- [user-service] [           main] [                                                 ] .s.d.r.c.RepositoryConfigurationDelegate : Bootstrapping Spring Data Redis repositories in DEFAULT mode.
2026-05-02T10:27:24.035+07:00  INFO [user-service,,] 8373 --- [user-service] [           main] [                                                 ] .RepositoryConfigurationExtensionSupport : Spring Data Redis - Could not safely identify store assignment for repository candidate interface com.smartgig.user.repository.SkillRelationRepository; If you want this repository to be a Redis repository, consider annotating your entities with one of these annotations: org.springframework.data.redis.core.RedisHash (preferred), or consider extending one of the following types with your repository: org.springframework.data.keyvalue.repository.KeyValueRepository
2026-05-02T10:27:24.035+07:00  INFO [user-service,,] 8373 --- [user-service] [           main] [                                                 ] .RepositoryConfigurationExtensionSupport : Spring Data Redis - Could not safely identify store assignment for repository candidate interface com.smartgig.user.repository.UserProfileRepository; If you want this repository to be a Redis repository, consider annotating your entities with one of these annotations: org.springframework.data.redis.core.RedisHash (preferred), or consider extending one of the following types with your repository: org.springframework.data.keyvalue.repository.KeyValueRepository
2026-05-02T10:27:24.035+07:00  INFO [user-service,,] 8373 --- [user-service] [           main] [                                                 ] .RepositoryConfigurationExtensionSupport : Spring Data Redis - Could not safely identify store assignment for repository candidate interface com.smartgig.user.repository.SkillRepository; If you want this repository to be a Redis repository, consider annotating your entities with one of these annotations: org.springframework.data.redis.core.RedisHash (preferred), or consider extending one of the following types with your repository: org.springframework.data.keyvalue.repository.KeyValueRepository
2026-05-02T10:27:24.035+07:00  INFO [user-service,,] 8373 --- [user-service] [           main] [                                                 ] .RepositoryConfigurationExtensionSupport : Spring Data Redis - Could not safely identify store assignment for repository candidate interface com.smartgig.user.repository.UserSkillRepository; If you want this repository to be a Redis repository, consider annotating your entities with one of these annotations: org.springframework.data.redis.core.RedisHash (preferred), or consider extending one of the following types with your repository: org.springframework.data.keyvalue.repository.KeyValueRepository
2026-05-02T10:27:24.036+07:00  INFO [user-service,,] 8373 --- [user-service] [           main] [                                                 ] .s.d.r.c.RepositoryConfigurationDelegate : Finished Spring Data repository scanning in 4 ms. Found 0 Redis repository interfaces.
2026-05-02T10:27:24.283+07:00  INFO [user-service,,] 8373 --- [user-service] [           main] [                                                 ] o.s.cloud.context.scope.GenericScope     : BeanFactory id=5754cf4b-addc-3ad2-a9c1-bb02fa7b0109
2026-05-02T10:27:24.588+07:00  WARN [user-service,,] 8373 --- [user-service] [           main] [                                                 ] trationDelegate$BeanPostProcessorChecker : Bean 'org.springframework.cloud.client.loadbalancer.LoadBalancerAutoConfiguration$DeferringLoadBalancerInterceptorConfig' of type [org.springframework.cloud.client.loadbalancer.LoadBalancerAutoConfiguration$DeferringLoadBalancerInterceptorConfig] is not eligible for getting processed by all BeanPostProcessors (for example: not eligible for auto-proxying). The currently created BeanPostProcessor [lbRestClientPostProcessor] is declared through a non-static factory method on that class; consider declaring it as static instead.
2026-05-02T10:27:24.590+07:00  WARN [user-service,,] 8373 --- [user-service] [           main] [                                                 ] trationDelegate$BeanPostProcessorChecker : Bean 'deferringLoadBalancerInterceptor' of type [org.springframework.cloud.client.loadbalancer.DeferringLoadBalancerInterceptor] is not eligible for getting processed by all BeanPostProcessors (for example: not eligible for auto-proxying). Is this bean getting eagerly injected into a currently created BeanPostProcessor [lbRestClientPostProcessor]? Check the corresponding BeanPostProcessor declaration and its dependencies.
2026-05-02T10:27:24.757+07:00  INFO [user-service,,] 8373 --- [user-service] [           main] [                                                 ] o.s.b.w.embedded.tomcat.TomcatWebServer  : Tomcat initialized with port 8082 (http)
2026-05-02T10:27:24.764+07:00  INFO [user-service,,] 8373 --- [user-service] [           main] [                                                 ] o.apache.catalina.core.StandardService   : Starting service [Tomcat]
2026-05-02T10:27:24.764+07:00  INFO [user-service,,] 8373 --- [user-service] [           main] [                                                 ] o.apache.catalina.core.StandardEngine    : Starting Servlet engine: [Apache Tomcat/10.1.20]
2026-05-02T10:27:24.782+07:00  INFO [user-service,,] 8373 --- [user-service] [           main] [                                                 ] o.a.c.c.C.[Tomcat].[localhost].[/]       : Initializing Spring embedded WebApplicationContext
2026-05-02T10:27:24.782+07:00  INFO [user-service,,] 8373 --- [user-service] [           main] [                                                 ] w.s.c.ServletWebServerApplicationContext : Root WebApplicationContext: initialization completed in 2243 ms
2026-05-02T10:27:25.198+07:00  INFO [user-service,,] 8373 --- [user-service] [           main] [                                                 ] com.zaxxer.hikari.HikariDataSource       : HikariPool-1 - Starting...
2026-05-02T10:27:25.332+07:00  INFO [user-service,,] 8373 --- [user-service] [           main] [                                                 ] com.zaxxer.hikari.pool.HikariPool        : HikariPool-1 - Added connection org.postgresql.jdbc.PgConnection@796cf2b5
2026-05-02T10:27:25.333+07:00  INFO [user-service,,] 8373 --- [user-service] [           main] [                                                 ] com.zaxxer.hikari.HikariDataSource       : HikariPool-1 - Start completed.
2026-05-02T10:27:25.391+07:00  INFO [user-service,,] 8373 --- [user-service] [           main] [                                                 ] o.f.c.internal.license.VersionPrinter    : Flyway Community Edition 9.22.3 by Redgate
2026-05-02T10:27:25.391+07:00  INFO [user-service,,] 8373 --- [user-service] [           main] [                                                 ] o.f.c.internal.license.VersionPrinter    : See release notes here: https://rd.gt/416ObMi
2026-05-02T10:27:25.391+07:00  INFO [user-service,,] 8373 --- [user-service] [           main] [                                                 ] o.f.c.internal.license.VersionPrinter    : 
2026-05-02T10:27:25.401+07:00  INFO [user-service,,] 8373 --- [user-service] [           main] [                                                 ] org.flywaydb.core.FlywayExecutor         : Database: jdbc:postgresql://localhost:5433/smartgig_user (PostgreSQL 16.13)
2026-05-02T10:27:25.409+07:00  WARN [user-service,,] 8373 --- [user-service] [           main] [                                                 ] o.f.c.internal.database.base.Database    : Flyway upgrade recommended: PostgreSQL 16.13 is newer than this version of Flyway and support has not been tested. The latest supported version of PostgreSQL is 15.
2026-05-02T10:27:25.441+07:00  INFO [user-service,,] 8373 --- [user-service] [           main] [                                                 ] o.f.core.internal.command.DbValidate     : Successfully validated 4 migrations (execution time 00:00.021s)
2026-05-02T10:27:25.456+07:00  INFO [user-service,,] 8373 --- [user-service] [           main] [                                                 ] o.f.core.internal.command.DbMigrate      : Current version of schema "public": 4
2026-05-02T10:27:25.458+07:00  INFO [user-service,,] 8373 --- [user-service] [           main] [                                                 ] o.f.core.internal.command.DbMigrate      : Schema "public" is up to date. No migration necessary.
2026-05-02T10:27:25.526+07:00  INFO [user-service,,] 8373 --- [user-service] [           main] [                                                 ] o.hibernate.jpa.internal.util.LogHelper  : HHH000204: Processing PersistenceUnitInfo [name: default]
2026-05-02T10:27:25.557+07:00  INFO [user-service,,] 8373 --- [user-service] [           main] [                                                 ] org.hibernate.Version                    : HHH000412: Hibernate ORM core version 6.4.4.Final
2026-05-02T10:27:25.575+07:00  INFO [user-service,,] 8373 --- [user-service] [           main] [                                                 ] o.h.c.internal.RegionFactoryInitiator    : HHH000026: Second-level cache disabled
2026-05-02T10:27:25.717+07:00  INFO [user-service,,] 8373 --- [user-service] [           main] [                                                 ] o.s.o.j.p.SpringPersistenceUnitInfo      : No LoadTimeWeaver setup: ignoring JPA class transformer
2026-05-02T10:27:26.279+07:00  INFO [user-service,,] 8373 --- [user-service] [           main] [                                                 ] o.h.e.t.j.p.i.JtaPlatformInitiator       : HHH000489: No JTA platform available (set 'hibernate.transaction.jta.platform' to enable JTA platform integration)
2026-05-02T10:27:26.315+07:00  INFO [user-service,,] 8373 --- [user-service] [           main] [                                                 ] j.LocalContainerEntityManagerFactoryBean : Initialized JPA EntityManagerFactory for persistence unit 'default'
2026-05-02T10:27:26.487+07:00  INFO [user-service,,] 8373 --- [user-service] [           main] [                                                 ] o.s.d.j.r.query.QueryEnhancerFactory     : Hibernate is in classpath; If applicable, HQL parser will be used.
2026-05-02T10:27:27.079+07:00  WARN [user-service,,] 8373 --- [user-service] [           main] [                                                 ] JpaBaseConfiguration$JpaWebConfiguration : spring.jpa.open-in-view is enabled by default. Therefore, database queries may be performed during view rendering. Explicitly configure spring.jpa.open-in-view to disable this warning
2026-05-02T10:27:27.103+07:00  WARN [user-service,,] 8373 --- [user-service] [           main] [                                                 ] .s.s.UserDetailsServiceAutoConfiguration : 

Using generated security password: a979cb80-96e8-42ee-a838-c5be0673096d

This generated password is for development use only. Your security configuration must be updated before running your application in production.

2026-05-02T10:27:27.437+07:00  INFO [user-service,,] 8373 --- [user-service] [           main] [                                                 ] o.s.b.a.e.web.EndpointLinksResolver      : Exposing 5 endpoint(s) beneath base path '/actuator'
2026-05-02T10:27:27.474+07:00  INFO [user-service,,] 8373 --- [user-service] [           main] [                                                 ] o.s.s.web.DefaultSecurityFilterChain     : Will secure any request with [org.springframework.security.web.session.DisableEncodeUrlFilter@10d28ee2, org.springframework.security.web.context.request.async.WebAsyncManagerIntegrationFilter@7af66b8a, org.springframework.security.web.context.SecurityContextHolderFilter@ec7c39b, org.springframework.security.web.header.HeaderWriterFilter@1b06c3f8, org.springframework.web.filter.CorsFilter@5dcc1495, org.springframework.security.web.authentication.logout.LogoutFilter@4c48564d, com.smartgig.user.config.SecurityConfig$1@e2f6a45, org.springframework.security.web.savedrequest.RequestCacheAwareFilter@a8eb0bf, org.springframework.security.web.servletapi.SecurityContextHolderAwareRequestFilter@179b88a6, org.springframework.security.web.authentication.AnonymousAuthenticationFilter@76ec6ae0, org.springframework.security.web.session.SessionManagementFilter@4c5afa2d, org.springframework.security.web.access.ExceptionTranslationFilter@70a8c0b9, org.springframework.security.web.access.intercept.AuthorizationFilter@3dbe3bc4]
2026-05-02T10:27:27.928+07:00  INFO [user-service,,] 8373 --- [user-service] [           main] [                                                 ] DiscoveryClientOptionalArgsConfiguration : Eureka HTTP Client uses RestTemplate.
2026-05-02T10:27:27.971+07:00  WARN [user-service,,] 8373 --- [user-service] [           main] [                                                 ] iguration$LoadBalancerCaffeineWarnLogger : Spring Cloud LoadBalancer is currently working with the default cache. While this cache implementation is useful for development and tests, it's recommended to use Caffeine cache in production.You can switch to using Caffeine cache, by adding it and org.springframework.cache.caffeine.CaffeineCacheManager to the classpath.
2026-05-02T10:27:28.013+07:00  INFO [user-service,,] 8373 --- [user-service] [           main] [                                                 ] o.s.c.n.eureka.InstanceInfoFactory       : Setting initial instance status as: STARTING
2026-05-02T10:27:28.089+07:00  INFO [user-service,,] 8373 --- [user-service] [           main] [                                                 ] com.netflix.discovery.DiscoveryClient    : Initializing Eureka in region us-east-1
2026-05-02T10:27:28.092+07:00  INFO [user-service,,] 8373 --- [user-service] [           main] [                                                 ] c.n.d.s.r.aws.ConfigClusterResolver      : Resolving eureka endpoints via configuration
2026-05-02T10:27:28.118+07:00  INFO [user-service,,] 8373 --- [user-service] [           main] [                                                 ] com.netflix.discovery.DiscoveryClient    : Disable delta property : false
2026-05-02T10:27:28.118+07:00  INFO [user-service,,] 8373 --- [user-service] [           main] [                                                 ] com.netflix.discovery.DiscoveryClient    : Single vip registry refresh property : null
2026-05-02T10:27:28.118+07:00  INFO [user-service,,] 8373 --- [user-service] [           main] [                                                 ] com.netflix.discovery.DiscoveryClient    : Force full registry fetch : false
2026-05-02T10:27:28.118+07:00  INFO [user-service,,] 8373 --- [user-service] [           main] [                                                 ] com.netflix.discovery.DiscoveryClient    : Application is null : false
2026-05-02T10:27:28.118+07:00  INFO [user-service,,] 8373 --- [user-service] [           main] [                                                 ] com.netflix.discovery.DiscoveryClient    : Registered Applications size is zero : true
2026-05-02T10:27:28.118+07:00  INFO [user-service,,] 8373 --- [user-service] [           main] [                                                 ] com.netflix.discovery.DiscoveryClient    : Application version is -1: true
2026-05-02T10:27:28.118+07:00  INFO [user-service,,] 8373 --- [user-service] [           main] [                                                 ] com.netflix.discovery.DiscoveryClient    : Getting all instance registry info from the eureka server
2026-05-02T10:27:28.253+07:00  INFO [user-service,,] 8373 --- [user-service] [           main] [                                                 ] com.netflix.discovery.DiscoveryClient    : The response status is 200
2026-05-02T10:27:28.255+07:00  INFO [user-service,,] 8373 --- [user-service] [           main] [                                                 ] com.netflix.discovery.DiscoveryClient    : Starting heartbeat executor: renew interval is: 30
2026-05-02T10:27:28.257+07:00  INFO [user-service,,] 8373 --- [user-service] [           main] [                                                 ] c.n.discovery.InstanceInfoReplicator     : InstanceInfoReplicator onDemand update allowed rate per min is 4
2026-05-02T10:27:28.262+07:00  INFO [user-service,,] 8373 --- [user-service] [           main] [                                                 ] com.netflix.discovery.DiscoveryClient    : Discovery Client initialized at timestamp 1777692448261 with initial instances count: 4
2026-05-02T10:27:28.272+07:00  INFO [user-service,,] 8373 --- [user-service] [           main] [                                                 ] o.s.c.n.e.s.EurekaServiceRegistry        : Registering application USER-SERVICE with eureka with status UP
2026-05-02T10:27:28.272+07:00  INFO [user-service,,] 8373 --- [user-service] [           main] [                                                 ] com.netflix.discovery.DiscoveryClient    : Saw local status change event StatusChangeEvent [timestamp=1777692448272, current=UP, previous=STARTING]
2026-05-02T10:27:28.274+07:00  INFO [user-service,,] 8373 --- [user-service] [nfoReplicator-0] [                                                 ] com.netflix.discovery.DiscoveryClient    : DiscoveryClient_USER-SERVICE/192.168.1.72:user-service:8082: registering service...
2026-05-02T10:27:28.288+07:00  INFO [user-service,,] 8373 --- [user-service] [           main] [                                                 ] o.s.b.w.embedded.tomcat.TomcatWebServer  : Tomcat started on port 8082 (http) with context path ''
2026-05-02T10:27:28.289+07:00  INFO [user-service,,] 8373 --- [user-service] [           main] [                                                 ] .s.c.n.e.s.EurekaAutoServiceRegistration : Updating port to 8082
2026-05-02T10:27:28.306+07:00  INFO [user-service,,] 8373 --- [user-service] [nfoReplicator-0] [                                                 ] com.netflix.discovery.DiscoveryClient    : DiscoveryClient_USER-SERVICE/192.168.1.72:user-service:8082 - registration status: 204
2026-05-02T10:27:28.320+07:00  INFO [user-service,,] 8373 --- [user-service] [           main] [                                                 ] c.smartgig.user.UserServiceApplication   : Started UserServiceApplication in 6.167 seconds (process running for 6.508)
2026-05-02T10:27:43.297+07:00  INFO [user-service,,] 8373 --- [user-service] [nio-8082-exec-1] [                                                 ] o.a.c.c.C.[Tomcat].[localhost].[/]       : Initializing Spring DispatcherServlet 'dispatcherServlet'
2026-05-02T10:27:43.298+07:00  INFO [user-service,,] 8373 --- [user-service] [nio-8082-exec-1] [                                                 ] o.s.web.servlet.DispatcherServlet        : Initializing Servlet 'dispatcherServlet'
2026-05-02T10:27:43.303+07:00  INFO [user-service,,] 8373 --- [user-service] [nio-8082-exec-1] [                                                 ] o.s.web.servlet.DispatcherServlet        : Completed initialization in 5 ms
2026-05-02T10:32:28.132+07:00  INFO [user-service,,] 8373 --- [user-service] [trap-executor-0] [                                                 ] c.n.d.s.r.aws.ConfigClusterResolver      : Resolving eureka endpoints via configuration
2026-05-02T10:37:28.148+07:00  INFO [user-service,,] 8373 --- [user-service] [trap-executor-0] [                                                 ] c.n.d.s.r.aws.ConfigClusterResolver      : Resolving eureka endpoints via configuration
2026-05-02T10:42:28.176+07:00  INFO [user-service,,] 8373 --- [user-service] [trap-executor-0] [                                                 ] c.n.d.s.r.aws.ConfigClusterResolver      : Resolving eureka endpoints via configuration
2026-05-02T10:47:28.193+07:00  INFO [user-service,,] 8373 --- [user-service] [trap-executor-0] [                                                 ] c.n.d.s.r.aws.ConfigClusterResolver      : Resolving eureka endpoints via configuration
2026-05-02T10:52:28.204+07:00  INFO [user-service,,] 8373 --- [user-service] [trap-executor-0] [                                                 ] c.n.d.s.r.aws.ConfigClusterResolver      : Resolving eureka endpoints via configuration
2026-05-02T10:57:28.214+07:00  INFO [user-service,,] 8373 --- [user-service] [trap-executor-0] [                                                 ] c.n.d.s.r.aws.ConfigClusterResolver      : Resolving eureka endpoints via configuration
2026-05-02T11:02:28.224+07:00  INFO [user-service,,] 8373 --- [user-service] [trap-executor-0] [                                                 ] c.n.d.s.r.aws.ConfigClusterResolver      : Resolving eureka endpoints via configuration
2026-05-02T11:07:28.231+07:00  INFO [user-service,,] 8373 --- [user-service] [trap-executor-0] [                                                 ] c.n.d.s.r.aws.ConfigClusterResolver      : Resolving eureka endpoints via configuration
2026-05-02T11:12:28.241+07:00  INFO [user-service,,] 8373 --- [user-service] [trap-executor-0] [                                                 ] c.n.d.s.r.aws.ConfigClusterResolver      : Resolving eureka endpoints via configuration
2026-05-02T11:17:28.260+07:00  INFO [user-service,,] 8373 --- [user-service] [trap-executor-0] [                                                 ] c.n.d.s.r.aws.ConfigClusterResolver      : Resolving eureka endpoints via configuration
2026-05-02T11:22:28.272+07:00  INFO [user-service,,] 8373 --- [user-service] [trap-executor-0] [                                                 ] c.n.d.s.r.aws.ConfigClusterResolver      : Resolving eureka endpoints via configuration
2026-05-02T11:27:28.283+07:00  INFO [user-service,,] 8373 --- [user-service] [trap-executor-0] [                                                 ] c.n.d.s.r.aws.ConfigClusterResolver      : Resolving eureka endpoints via configuration
2026-05-02T11:32:28.295+07:00  INFO [user-service,,] 8373 --- [user-service] [trap-executor-0] [                                                 ] c.n.d.s.r.aws.ConfigClusterResolver      : Resolving eureka endpoints via configuration
2026-05-02T11:37:28.305+07:00  INFO [user-service,,] 8373 --- [user-service] [trap-executor-0] [                                                 ] c.n.d.s.r.aws.ConfigClusterResolver      : Resolving eureka endpoints via configuration
2026-05-02T11:42:28.313+07:00  INFO [user-service,,] 8373 --- [user-service] [trap-executor-0] [                                                 ] c.n.d.s.r.aws.ConfigClusterResolver      : Resolving eureka endpoints via configuration
2026-05-02T11:47:28.322+07:00  INFO [user-service,,] 8373 --- [user-service] [trap-executor-0] [                                                 ] c.n.d.s.r.aws.ConfigClusterResolver      : Resolving eureka endpoints via configuration
2026-05-02T11:52:28.328+07:00  INFO [user-service,,] 8373 --- [user-service] [trap-executor-0] [                                                 ] c.n.d.s.r.aws.ConfigClusterResolver      : Resolving eureka endpoints via configuration
2026-05-02T11:57:28.337+07:00  INFO [user-service,,] 8373 --- [user-service] [trap-executor-0] [                                                 ] c.n.d.s.r.aws.ConfigClusterResolver      : Resolving eureka endpoints via configuration
2026-05-02T12:02:28.342+07:00  INFO [user-service,,] 8373 --- [user-service] [trap-executor-0] [                                                 ] c.n.d.s.r.aws.ConfigClusterResolver      : Resolving eureka endpoints via configuration
2026-05-02T12:07:28.349+07:00  INFO [user-service,,] 8373 --- [user-service] [trap-executor-0] [                                                 ] c.n.d.s.r.aws.ConfigClusterResolver      : Resolving eureka endpoints via configuration
2026-05-02T12:12:28.358+07:00  INFO [user-service,,] 8373 --- [user-service] [trap-executor-0] [                                                 ] c.n.d.s.r.aws.ConfigClusterResolver      : Resolving eureka endpoints via configuration
2026-05-02T12:17:28.309+07:00  INFO [user-service,,] 8373 --- [user-service] [trap-executor-0] [                                                 ] c.n.d.s.r.aws.ConfigClusterResolver      : Resolving eureka endpoints via configuration
2026-05-02T12:22:28.315+07:00  INFO [user-service,,] 8373 --- [user-service] [trap-executor-0] [                                                 ] c.n.d.s.r.aws.ConfigClusterResolver      : Resolving eureka endpoints via configuration
2026-05-02T12:27:28.320+07:00  INFO [user-service,,] 8373 --- [user-service] [trap-executor-0] [                                                 ] c.n.d.s.r.aws.ConfigClusterResolver      : Resolving eureka endpoints via configuration
2026-05-02T12:32:28.302+07:00  INFO [user-service,,] 8373 --- [user-service] [trap-executor-0] [                                                 ] c.n.d.s.r.aws.ConfigClusterResolver      : Resolving eureka endpoints via configuration
2026-05-02T12:37:28.312+07:00  INFO [user-service,,] 8373 --- [user-service] [trap-executor-0] [                                                 ] c.n.d.s.r.aws.ConfigClusterResolver      : Resolving eureka endpoints via configuration
2026-05-02T12:42:28.317+07:00  INFO [user-service,,] 8373 --- [user-service] [trap-executor-0] [                                                 ] c.n.d.s.r.aws.ConfigClusterResolver      : Resolving eureka endpoints via configuration
2026-05-02T12:47:28.327+07:00  INFO [user-service,,] 8373 --- [user-service] [trap-executor-0] [                                                 ] c.n.d.s.r.aws.ConfigClusterResolver      : Resolving eureka endpoints via configuration
2026-05-02T12:52:28.332+07:00  INFO [user-service,,] 8373 --- [user-service] [trap-executor-0] [                                                 ] c.n.d.s.r.aws.ConfigClusterResolver      : Resolving eureka endpoints via configuration
2026-05-02T12:57:28.336+07:00  INFO [user-service,,] 8373 --- [user-service] [trap-executor-0] [                                                 ] c.n.d.s.r.aws.ConfigClusterResolver      : Resolving eureka endpoints via configuration
2026-05-02T13:02:28.343+07:00  INFO [user-service,,] 8373 --- [user-service] [trap-executor-0] [                                                 ] c.n.d.s.r.aws.ConfigClusterResolver      : Resolving eureka endpoints via configuration
2026-05-02T13:07:28.363+07:00  INFO [user-service,,] 8373 --- [user-service] [trap-executor-0] [                                                 ] c.n.d.s.r.aws.ConfigClusterResolver      : Resolving eureka endpoints via configuration
2026-05-02T13:10:58.635+07:00  WARN [user-service,,] 8373 --- [user-service] [ender@5e8bd498}] [                                                 ] z.r.AsyncReporter$BoundedAsyncReporter   : Spans were dropped due to exceptions. All subsequent errors will be logged at FINE level.
2026-05-02T13:10:58.636+07:00  WARN [user-service,,] 8373 --- [user-service] [ender@5e8bd498}] [                                                 ] z.r.AsyncReporter$BoundedAsyncReporter   : Dropped 5 spans due to ResourceAccessException(I/O error on POST request for "http://localhost:9411/api/v2/spans": localhost:9411 failed to respond)

org.springframework.web.client.ResourceAccessException: I/O error on POST request for "http://localhost:9411/api/v2/spans": localhost:9411 failed to respond
	at org.springframework.web.client.RestTemplate.createResourceAccessException(RestTemplate.java:915) ~[spring-web-6.1.6.jar!/:6.1.6]
	at org.springframework.web.client.RestTemplate.doExecute(RestTemplate.java:895) ~[spring-web-6.1.6.jar!/:6.1.6]
	at org.springframework.web.client.RestTemplate.execute(RestTemplate.java:790) ~[spring-web-6.1.6.jar!/:6.1.6]
	at org.springframework.web.client.RestTemplate.exchange(RestTemplate.java:672) ~[spring-web-6.1.6.jar!/:6.1.6]
	at org.springframework.boot.actuate.autoconfigure.tracing.zipkin.ZipkinRestTemplateSender$RestTemplateHttpPostCall.doExecute(ZipkinRestTemplateSender.java:68) ~[spring-boot-actuator-autoconfigure-3.2.5.jar!/:3.2.5]
	at org.springframework.boot.actuate.autoconfigure.tracing.zipkin.ZipkinRestTemplateSender$RestTemplateHttpPostCall.doExecute(ZipkinRestTemplateSender.java:48) ~[spring-boot-actuator-autoconfigure-3.2.5.jar!/:3.2.5]
	at zipkin2.Call$Base.execute(Call.java:391) ~[zipkin-2.23.2.jar!/:na]
	at zipkin2.reporter.AsyncReporter$BoundedAsyncReporter.flush(AsyncReporter.java:299) ~[zipkin-reporter-2.16.3.jar!/:na]
	at zipkin2.reporter.AsyncReporter$Flusher.run(AsyncReporter.java:378) ~[zipkin-reporter-2.16.3.jar!/:na]
	at java.base/java.lang.Thread.run(Thread.java:1583) ~[na:na]
Caused by: org.apache.hc.core5.http.NoHttpResponseException: localhost:9411 failed to respond
	at org.apache.hc.core5.http.impl.io.DefaultBHttpClientConnection.receiveResponseHeader(DefaultBHttpClientConnection.java:301) ~[httpcore5-5.2.4.jar!/:5.2.4]
	at org.apache.hc.core5.http.impl.io.HttpRequestExecutor.execute(HttpRequestExecutor.java:175) ~[httpcore5-5.2.4.jar!/:5.2.4]
	at org.apache.hc.core5.http.impl.io.HttpRequestExecutor.execute(HttpRequestExecutor.java:218) ~[httpcore5-5.2.4.jar!/:5.2.4]
	at org.apache.hc.client5.http.impl.io.PoolingHttpClientConnectionManager$InternalConnectionEndpoint.execute(PoolingHttpClientConnectionManager.java:712) ~[httpclient5-5.2.3.jar!/:5.2.3]
	at org.apache.hc.client5.http.impl.classic.InternalExecRuntime.execute(InternalExecRuntime.java:216) ~[httpclient5-5.2.3.jar!/:5.2.3]
	at org.apache.hc.client5.http.impl.classic.MainClientExec.execute(MainClientExec.java:116) ~[httpclient5-5.2.3.jar!/:5.2.3]
	at org.apache.hc.client5.http.impl.classic.ExecChainElement.execute(ExecChainElement.java:51) ~[httpclient5-5.2.3.jar!/:5.2.3]
	at org.apache.hc.client5.http.impl.classic.ConnectExec.execute(ConnectExec.java:188) ~[httpclient5-5.2.3.jar!/:5.2.3]
	at org.apache.hc.client5.http.impl.classic.ExecChainElement.execute(ExecChainElement.java:51) ~[httpclient5-5.2.3.jar!/:5.2.3]
	at org.apache.hc.client5.http.impl.classic.ProtocolExec.execute(ProtocolExec.java:192) ~[httpclient5-5.2.3.jar!/:5.2.3]
	at org.apache.hc.client5.http.impl.classic.ExecChainElement.execute(ExecChainElement.java:51) ~[httpclient5-5.2.3.jar!/:5.2.3]
	at org.apache.hc.client5.http.impl.classic.HttpRequestRetryExec.execute(HttpRequestRetryExec.java:96) ~[httpclient5-5.2.3.jar!/:5.2.3]
	at org.apache.hc.client5.http.impl.classic.ExecChainElement.execute(ExecChainElement.java:51) ~[httpclient5-5.2.3.jar!/:5.2.3]
	at org.apache.hc.client5.http.impl.classic.ContentCompressionExec.execute(ContentCompressionExec.java:152) ~[httpclient5-5.2.3.jar!/:5.2.3]
	at org.apache.hc.client5.http.impl.classic.ExecChainElement.execute(ExecChainElement.java:51) ~[httpclient5-5.2.3.jar!/:5.2.3]
	at org.apache.hc.client5.http.impl.classic.RedirectExec.execute(RedirectExec.java:115) ~[httpclient5-5.2.3.jar!/:5.2.3]
	at org.apache.hc.client5.http.impl.classic.ExecChainElement.execute(ExecChainElement.java:51) ~[httpclient5-5.2.3.jar!/:5.2.3]
	at org.apache.hc.client5.http.impl.classic.InternalHttpClient.doExecute(InternalHttpClient.java:170) ~[httpclient5-5.2.3.jar!/:5.2.3]
	at org.apache.hc.client5.http.impl.classic.CloseableHttpClient.execute(CloseableHttpClient.java:87) ~[httpclient5-5.2.3.jar!/:5.2.3]
	at org.apache.hc.client5.http.impl.classic.CloseableHttpClient.execute(CloseableHttpClient.java:55) ~[httpclient5-5.2.3.jar!/:5.2.3]
	at org.apache.hc.client5.http.classic.HttpClient.executeOpen(HttpClient.java:183) ~[httpclient5-5.2.3.jar!/:5.2.3]
	at org.springframework.http.client.HttpComponentsClientHttpRequest.executeInternal(HttpComponentsClientHttpRequest.java:95) ~[spring-web-6.1.6.jar!/:6.1.6]
	at org.springframework.http.client.AbstractStreamingClientHttpRequest.executeInternal(AbstractStreamingClientHttpRequest.java:70) ~[spring-web-6.1.6.jar!/:6.1.6]
	at org.springframework.http.client.AbstractClientHttpRequest.execute(AbstractClientHttpRequest.java:66) ~[spring-web-6.1.6.jar!/:6.1.6]
	at org.springframework.web.client.RestTemplate.doExecute(RestTemplate.java:889) ~[spring-web-6.1.6.jar!/:6.1.6]
	... 8 common frames omitted

2026-05-02T13:12:28.377+07:00  INFO [user-service,,] 8373 --- [user-service] [trap-executor-0] [                                                 ] c.n.d.s.r.aws.ConfigClusterResolver      : Resolving eureka endpoints via configuration
2026-05-02T13:17:28.383+07:00  INFO [user-service,,] 8373 --- [user-service] [trap-executor-0] [                                                 ] c.n.d.s.r.aws.ConfigClusterResolver      : Resolving eureka endpoints via configuration
2026-05-02T13:22:28.390+07:00  INFO [user-service,,] 8373 --- [user-service] [trap-executor-0] [                                                 ] c.n.d.s.r.aws.ConfigClusterResolver      : Resolving eureka endpoints via configuration
2026-05-02T13:27:28.402+07:00  INFO [user-service,,] 8373 --- [user-service] [trap-executor-0] [                                                 ] c.n.d.s.r.aws.ConfigClusterResolver      : Resolving eureka endpoints via configuration
2026-05-02T13:32:28.406+07:00  INFO [user-service,,] 8373 --- [user-service] [trap-executor-0] [                                                 ] c.n.d.s.r.aws.ConfigClusterResolver      : Resolving eureka endpoints via configuration
2026-05-02T13:37:28.376+07:00  INFO [user-service,,] 8373 --- [user-service] [trap-executor-0] [                                                 ] c.n.d.s.r.aws.ConfigClusterResolver      : Resolving eureka endpoints via configuration
2026-05-02T13:42:28.385+07:00  INFO [user-service,,] 8373 --- [user-service] [trap-executor-0] [                                                 ] c.n.d.s.r.aws.ConfigClusterResolver      : Resolving eureka endpoints via configuration
2026-05-02T13:47:28.394+07:00  INFO [user-service,,] 8373 --- [user-service] [trap-executor-0] [                                                 ] c.n.d.s.r.aws.ConfigClusterResolver      : Resolving eureka endpoints via configuration
2026-05-02T13:52:28.489+07:00  INFO [user-service,,] 8373 --- [user-service] [trap-executor-0] [                                                 ] c.n.d.s.r.aws.ConfigClusterResolver      : Resolving eureka endpoints via configuration
2026-05-02T13:57:28.500+07:00  INFO [user-service,,] 8373 --- [user-service] [trap-executor-0] [                                                 ] c.n.d.s.r.aws.ConfigClusterResolver      : Resolving eureka endpoints via configuration
2026-05-02T14:02:28.514+07:00  INFO [user-service,,] 8373 --- [user-service] [trap-executor-0] [                                                 ] c.n.d.s.r.aws.ConfigClusterResolver      : Resolving eureka endpoints via configuration
