[INFO] Scanning for projects...
[INFO] 
[INFO] ---------------------< com.smartgig:user-service >----------------------
[INFO] Building user-service 1.0.0-SNAPSHOT
[INFO]   from pom.xml
[INFO] --------------------------------[ jar ]---------------------------------
[INFO] 
[INFO] >>> spring-boot:3.2.5:run (default-cli) > test-compile @ user-service >>>
[INFO] 
[INFO] --- jacoco:0.8.14:prepare-agent (default) @ user-service ---
[INFO] Skipping JaCoCo execution because property jacoco.skip is set.
[INFO] argLine set to empty
[INFO] 
[INFO] --- resources:3.3.1:resources (default-resources) @ user-service ---
[INFO] Copying 2 resources from src/main/resources to target/classes
[INFO] Copying 4 resources from src/main/resources to target/classes
[INFO] 
[INFO] --- compiler:3.11.0:compile (default-compile) @ user-service ---
[INFO] Changes detected - recompiling the module! :source
[INFO] Compiling 32 source files with javac [debug release 21] to target/classes
WARNING: A terminally deprecated method in sun.misc.Unsafe has been called
WARNING: sun.misc.Unsafe::objectFieldOffset has been called by lombok.permit.Permit
WARNING: Please consider reporting this to the maintainers of class lombok.permit.Permit
WARNING: sun.misc.Unsafe::objectFieldOffset will be removed in a future release
[WARNING] Implicitly compiled files were not subject to annotation processing.
  Use -implicit to specify a policy for implicit compilation.
[INFO] 
[INFO] --- resources:3.3.1:testResources (default-testResources) @ user-service ---
[INFO] Copying 1 resource from src/test/resources to target/test-classes
[INFO] 
[INFO] --- compiler:3.11.0:testCompile (default-testCompile) @ user-service ---
[INFO] Changes detected - recompiling the module! :dependency
[INFO] Compiling 3 source files with javac [debug release 21] to target/test-classes
[INFO] 
[INFO] <<< spring-boot:3.2.5:run (default-cli) < test-compile @ user-service <<<
[INFO] 
[INFO] 
[INFO] --- spring-boot:3.2.5:run (default-cli) @ user-service ---
[INFO] Attaching agents: []

  .   ____          _            __ _ _
 /\\ / ___'_ __ _ _(_)_ __  __ _ \ \ \ \
( ( )\___ | '_ | '_| | '_ \/ _` | \ \ \ \
 \\/  ___)| |_)| | | | | || (_| |  ) ) ) )
  '  |____| .__|_| |_|_| |_\__, | / / / /
 =========|_|==============|___/=/_/_/_/
 :: Spring Boot ::                (v3.2.5)

2026-05-02T04:46:06.943+07:00  INFO [user-service,,] 75861 --- [user-service] [           main] [                                                 ] c.smartgig.user.UserServiceApplication   : Starting UserServiceApplication using Java 25.0.2 with PID 75861 (/Users/albert-dibimbing/Documents/Coding Repo/smartGig-platform/smartgig-platform/user-service/target/classes started by albert-dibimbing in /Users/albert-dibimbing/Documents/Coding Repo/smartGig-platform/smartgig-platform/user-service)
2026-05-02T04:46:06.945+07:00  INFO [user-service,,] 75861 --- [user-service] [           main] [                                                 ] c.smartgig.user.UserServiceApplication   : The following 1 profile is active: "dev"
2026-05-02T04:46:07.422+07:00  INFO [user-service,,] 75861 --- [user-service] [           main] [                                                 ] .s.d.r.c.RepositoryConfigurationDelegate : Multiple Spring Data modules found, entering strict repository configuration mode
2026-05-02T04:46:07.423+07:00  INFO [user-service,,] 75861 --- [user-service] [           main] [                                                 ] .s.d.r.c.RepositoryConfigurationDelegate : Bootstrapping Spring Data JPA repositories in DEFAULT mode.
2026-05-02T04:46:07.497+07:00  INFO [user-service,,] 75861 --- [user-service] [           main] [                                                 ] .s.d.r.c.RepositoryConfigurationDelegate : Finished Spring Data repository scanning in 71 ms. Found 4 JPA repository interfaces.
2026-05-02T04:46:07.503+07:00  INFO [user-service,,] 75861 --- [user-service] [           main] [                                                 ] .s.d.r.c.RepositoryConfigurationDelegate : Multiple Spring Data modules found, entering strict repository configuration mode
2026-05-02T04:46:07.503+07:00  INFO [user-service,,] 75861 --- [user-service] [           main] [                                                 ] .s.d.r.c.RepositoryConfigurationDelegate : Bootstrapping Spring Data Redis repositories in DEFAULT mode.
2026-05-02T04:46:07.510+07:00  INFO [user-service,,] 75861 --- [user-service] [           main] [                                                 ] .RepositoryConfigurationExtensionSupport : Spring Data Redis - Could not safely identify store assignment for repository candidate interface com.smartgig.user.repository.SkillRelationRepository; If you want this repository to be a Redis repository, consider annotating your entities with one of these annotations: org.springframework.data.redis.core.RedisHash (preferred), or consider extending one of the following types with your repository: org.springframework.data.keyvalue.repository.KeyValueRepository
2026-05-02T04:46:07.511+07:00  INFO [user-service,,] 75861 --- [user-service] [           main] [                                                 ] .RepositoryConfigurationExtensionSupport : Spring Data Redis - Could not safely identify store assignment for repository candidate interface com.smartgig.user.repository.SkillRepository; If you want this repository to be a Redis repository, consider annotating your entities with one of these annotations: org.springframework.data.redis.core.RedisHash (preferred), or consider extending one of the following types with your repository: org.springframework.data.keyvalue.repository.KeyValueRepository
2026-05-02T04:46:07.511+07:00  INFO [user-service,,] 75861 --- [user-service] [           main] [                                                 ] .RepositoryConfigurationExtensionSupport : Spring Data Redis - Could not safely identify store assignment for repository candidate interface com.smartgig.user.repository.UserProfileRepository; If you want this repository to be a Redis repository, consider annotating your entities with one of these annotations: org.springframework.data.redis.core.RedisHash (preferred), or consider extending one of the following types with your repository: org.springframework.data.keyvalue.repository.KeyValueRepository
2026-05-02T04:46:07.511+07:00  INFO [user-service,,] 75861 --- [user-service] [           main] [                                                 ] .RepositoryConfigurationExtensionSupport : Spring Data Redis - Could not safely identify store assignment for repository candidate interface com.smartgig.user.repository.UserSkillRepository; If you want this repository to be a Redis repository, consider annotating your entities with one of these annotations: org.springframework.data.redis.core.RedisHash (preferred), or consider extending one of the following types with your repository: org.springframework.data.keyvalue.repository.KeyValueRepository
2026-05-02T04:46:07.511+07:00  INFO [user-service,,] 75861 --- [user-service] [           main] [                                                 ] .s.d.r.c.RepositoryConfigurationDelegate : Finished Spring Data repository scanning in 4 ms. Found 0 Redis repository interfaces.
2026-05-02T04:46:07.632+07:00  INFO [user-service,,] 75861 --- [user-service] [           main] [                                                 ] o.s.cloud.context.scope.GenericScope     : BeanFactory id=18121895-369b-30f3-8718-bb02ecf8f198
2026-05-02T04:46:07.772+07:00  WARN [user-service,,] 75861 --- [user-service] [           main] [                                                 ] trationDelegate$BeanPostProcessorChecker : Bean 'org.springframework.cloud.client.loadbalancer.LoadBalancerAutoConfiguration$DeferringLoadBalancerInterceptorConfig' of type [org.springframework.cloud.client.loadbalancer.LoadBalancerAutoConfiguration$DeferringLoadBalancerInterceptorConfig] is not eligible for getting processed by all BeanPostProcessors (for example: not eligible for auto-proxying). The currently created BeanPostProcessor [lbRestClientPostProcessor] is declared through a non-static factory method on that class; consider declaring it as static instead.
2026-05-02T04:46:07.774+07:00  WARN [user-service,,] 75861 --- [user-service] [           main] [                                                 ] trationDelegate$BeanPostProcessorChecker : Bean 'deferringLoadBalancerInterceptor' of type [org.springframework.cloud.client.loadbalancer.DeferringLoadBalancerInterceptor] is not eligible for getting processed by all BeanPostProcessors (for example: not eligible for auto-proxying). Is this bean getting eagerly injected into a currently created BeanPostProcessor [lbRestClientPostProcessor]? Check the corresponding BeanPostProcessor declaration and its dependencies.
WARNING: A restricted method in java.lang.System has been called
WARNING: java.lang.System::load has been called by org.apache.tomcat.jni.Library in an unnamed module (file:/Users/albert-dibimbing/.m2/repository/org/apache/tomcat/embed/tomcat-embed-core/10.1.20/tomcat-embed-core-10.1.20.jar)
WARNING: Use --enable-native-access=ALL-UNNAMED to avoid a warning for callers in this module
WARNING: Restricted methods will be blocked in a future release unless native access is enabled

2026-05-02T04:46:07.892+07:00  INFO [user-service,,] 75861 --- [user-service] [           main] [                                                 ] o.s.b.w.embedded.tomcat.TomcatWebServer  : Tomcat initialized with port 8082 (http)
2026-05-02T04:46:07.896+07:00  INFO [user-service,,] 75861 --- [user-service] [           main] [                                                 ] o.apache.catalina.core.StandardService   : Starting service [Tomcat]
2026-05-02T04:46:07.896+07:00  INFO [user-service,,] 75861 --- [user-service] [           main] [                                                 ] o.apache.catalina.core.StandardEngine    : Starting Servlet engine: [Apache Tomcat/10.1.20]
2026-05-02T04:46:07.922+07:00  INFO [user-service,,] 75861 --- [user-service] [           main] [                                                 ] o.a.c.c.C.[Tomcat].[localhost].[/]       : Initializing Spring embedded WebApplicationContext
2026-05-02T04:46:07.922+07:00  INFO [user-service,,] 75861 --- [user-service] [           main] [                                                 ] w.s.c.ServletWebServerApplicationContext : Root WebApplicationContext: initialization completed in 956 ms
2026-05-02T04:46:08.192+07:00  INFO [user-service,,] 75861 --- [user-service] [           main] [                                                 ] com.zaxxer.hikari.HikariDataSource       : HikariPool-1 - Starting...
2026-05-02T04:46:08.275+07:00  INFO [user-service,,] 75861 --- [user-service] [           main] [                                                 ] com.zaxxer.hikari.pool.HikariPool        : HikariPool-1 - Added connection org.postgresql.jdbc.PgConnection@4c91a008
2026-05-02T04:46:08.276+07:00  INFO [user-service,,] 75861 --- [user-service] [           main] [                                                 ] com.zaxxer.hikari.HikariDataSource       : HikariPool-1 - Start completed.
2026-05-02T04:46:08.320+07:00  INFO [user-service,,] 75861 --- [user-service] [           main] [                                                 ] o.f.c.internal.license.VersionPrinter    : Flyway Community Edition 9.22.3 by Redgate
2026-05-02T04:46:08.320+07:00  INFO [user-service,,] 75861 --- [user-service] [           main] [                                                 ] o.f.c.internal.license.VersionPrinter    : See release notes here: https://rd.gt/416ObMi
2026-05-02T04:46:08.320+07:00  INFO [user-service,,] 75861 --- [user-service] [           main] [                                                 ] o.f.c.internal.license.VersionPrinter    : 
2026-05-02T04:46:08.330+07:00  INFO [user-service,,] 75861 --- [user-service] [           main] [                                                 ] org.flywaydb.core.FlywayExecutor         : Database: jdbc:postgresql://localhost:5433/smartgig_user (PostgreSQL 16.13)
2026-05-02T04:46:08.336+07:00  WARN [user-service,,] 75861 --- [user-service] [           main] [                                                 ] o.f.c.internal.database.base.Database    : Flyway upgrade recommended: PostgreSQL 16.13 is newer than this version of Flyway and support has not been tested. The latest supported version of PostgreSQL is 15.
2026-05-02T04:46:08.368+07:00  INFO [user-service,,] 75861 --- [user-service] [           main] [                                                 ] o.f.core.internal.command.DbValidate     : Successfully validated 4 migrations (execution time 00:00.021s)
2026-05-02T04:46:08.404+07:00  INFO [user-service,,] 75861 --- [user-service] [           main] [                                                 ] o.f.core.internal.command.DbMigrate      : Current version of schema "public": 4
2026-05-02T04:46:08.409+07:00  INFO [user-service,,] 75861 --- [user-service] [           main] [                                                 ] o.f.core.internal.command.DbMigrate      : Schema "public" is up to date. No migration necessary.
2026-05-02T04:46:08.468+07:00  INFO [user-service,,] 75861 --- [user-service] [           main] [                                                 ] o.hibernate.jpa.internal.util.LogHelper  : HHH000204: Processing PersistenceUnitInfo [name: default]
2026-05-02T04:46:08.492+07:00  INFO [user-service,,] 75861 --- [user-service] [           main] [                                                 ] org.hibernate.Version                    : HHH000412: Hibernate ORM core version 6.4.4.Final
2026-05-02T04:46:08.504+07:00  INFO [user-service,,] 75861 --- [user-service] [           main] [                                                 ] o.h.c.internal.RegionFactoryInitiator    : HHH000026: Second-level cache disabled
2026-05-02T04:46:08.605+07:00  INFO [user-service,,] 75861 --- [user-service] [           main] [                                                 ] o.s.o.j.p.SpringPersistenceUnitInfo      : No LoadTimeWeaver setup: ignoring JPA class transformer
2026-05-02T04:46:09.057+07:00  INFO [user-service,,] 75861 --- [user-service] [           main] [                                                 ] o.h.e.t.j.p.i.JtaPlatformInitiator       : HHH000489: No JTA platform available (set 'hibernate.transaction.jta.platform' to enable JTA platform integration)
2026-05-02T04:46:09.092+07:00  INFO [user-service,,] 75861 --- [user-service] [           main] [                                                 ] j.LocalContainerEntityManagerFactoryBean : Initialized JPA EntityManagerFactory for persistence unit 'default'
2026-05-02T04:46:09.242+07:00  INFO [user-service,,] 75861 --- [user-service] [           main] [                                                 ] o.s.d.j.r.query.QueryEnhancerFactory     : Hibernate is in classpath; If applicable, HQL parser will be used.
WARNING: A terminally deprecated method in sun.misc.Unsafe has been called
WARNING: sun.misc.Unsafe::objectFieldOffset has been called by io.netty.util.internal.PlatformDependent0$4 (file:/Users/albert-dibimbing/.m2/repository/io/netty/netty-common/4.1.109.Final/netty-common-4.1.109.Final.jar)
WARNING: Please consider reporting this to the maintainers of class io.netty.util.internal.PlatformDependent0$4
WARNING: sun.misc.Unsafe::objectFieldOffset will be removed in a future release
2026-05-02T04:46:09.654+07:00  WARN [user-service,,] 75861 --- [user-service] [           main] [                                                 ] JpaBaseConfiguration$JpaWebConfiguration : spring.jpa.open-in-view is enabled by default. Therefore, database queries may be performed during view rendering. Explicitly configure spring.jpa.open-in-view to disable this warning
2026-05-02T04:46:09.672+07:00  WARN [user-service,,] 75861 --- [user-service] [           main] [                                                 ] .s.s.UserDetailsServiceAutoConfiguration : 

Using generated security password: a64e74c0-afd7-4e63-99ea-b35bb88ad345

This generated password is for development use only. Your security configuration must be updated before running your application in production.

2026-05-02T04:46:09.926+07:00  INFO [user-service,,] 75861 --- [user-service] [           main] [                                                 ] o.s.b.a.e.web.EndpointLinksResolver      : Exposing 5 endpoint(s) beneath base path '/actuator'
2026-05-02T04:46:09.965+07:00  INFO [user-service,,] 75861 --- [user-service] [           main] [                                                 ] o.s.s.web.DefaultSecurityFilterChain     : Will secure any request with [org.springframework.security.web.session.DisableEncodeUrlFilter@3614cd03, org.springframework.security.web.context.request.async.WebAsyncManagerIntegrationFilter@495afaf5, org.springframework.security.web.context.SecurityContextHolderFilter@784bb800, org.springframework.security.web.header.HeaderWriterFilter@17dee9f9, org.springframework.web.filter.CorsFilter@645b31d0, org.springframework.security.web.authentication.logout.LogoutFilter@25fc72c6, com.smartgig.user.config.SecurityConfig$1@29ccab93, org.springframework.security.web.savedrequest.RequestCacheAwareFilter@21ffedc7, org.springframework.security.web.servletapi.SecurityContextHolderAwareRequestFilter@5a06fcfc, org.springframework.security.web.authentication.AnonymousAuthenticationFilter@6cdd9a1b, org.springframework.security.web.session.SessionManagementFilter@4377d616, org.springframework.security.web.access.ExceptionTranslationFilter@1acf0703, org.springframework.security.web.access.intercept.AuthorizationFilter@14443c86]
2026-05-02T04:46:10.475+07:00  INFO [user-service,,] 75861 --- [user-service] [           main] [                                                 ] DiscoveryClientOptionalArgsConfiguration : Eureka HTTP Client uses RestTemplate.
2026-05-02T04:46:10.512+07:00  WARN [user-service,,] 75861 --- [user-service] [           main] [                                                 ] iguration$LoadBalancerCaffeineWarnLogger : Spring Cloud LoadBalancer is currently working with the default cache. While this cache implementation is useful for development and tests, it's recommended to use Caffeine cache in production.You can switch to using Caffeine cache, by adding it and org.springframework.cache.caffeine.CaffeineCacheManager to the classpath.
2026-05-02T04:46:10.563+07:00  INFO [user-service,,] 75861 --- [user-service] [           main] [                                                 ] o.s.c.n.eureka.InstanceInfoFactory       : Setting initial instance status as: STARTING
2026-05-02T04:46:10.623+07:00  INFO [user-service,,] 75861 --- [user-service] [           main] [                                                 ] com.netflix.discovery.DiscoveryClient    : Initializing Eureka in region us-east-1
2026-05-02T04:46:10.626+07:00  INFO [user-service,,] 75861 --- [user-service] [           main] [                                                 ] c.n.d.s.r.aws.ConfigClusterResolver      : Resolving eureka endpoints via configuration
2026-05-02T04:46:10.639+07:00  INFO [user-service,,] 75861 --- [user-service] [           main] [                                                 ] com.netflix.discovery.DiscoveryClient    : Disable delta property : false
2026-05-02T04:46:10.639+07:00  INFO [user-service,,] 75861 --- [user-service] [           main] [                                                 ] com.netflix.discovery.DiscoveryClient    : Single vip registry refresh property : null
2026-05-02T04:46:10.639+07:00  INFO [user-service,,] 75861 --- [user-service] [           main] [                                                 ] com.netflix.discovery.DiscoveryClient    : Force full registry fetch : false
2026-05-02T04:46:10.639+07:00  INFO [user-service,,] 75861 --- [user-service] [           main] [                                                 ] com.netflix.discovery.DiscoveryClient    : Application is null : false
2026-05-02T04:46:10.639+07:00  INFO [user-service,,] 75861 --- [user-service] [           main] [                                                 ] com.netflix.discovery.DiscoveryClient    : Registered Applications size is zero : true
2026-05-02T04:46:10.639+07:00  INFO [user-service,,] 75861 --- [user-service] [           main] [                                                 ] com.netflix.discovery.DiscoveryClient    : Application version is -1: true
2026-05-02T04:46:10.639+07:00  INFO [user-service,,] 75861 --- [user-service] [           main] [                                                 ] com.netflix.discovery.DiscoveryClient    : Getting all instance registry info from the eureka server
2026-05-02T04:46:10.745+07:00  INFO [user-service,,] 75861 --- [user-service] [           main] [                                                 ] com.netflix.discovery.DiscoveryClient    : The response status is 200
2026-05-02T04:46:10.746+07:00  INFO [user-service,,] 75861 --- [user-service] [           main] [                                                 ] com.netflix.discovery.DiscoveryClient    : Starting heartbeat executor: renew interval is: 30
2026-05-02T04:46:10.747+07:00  INFO [user-service,,] 75861 --- [user-service] [           main] [                                                 ] c.n.discovery.InstanceInfoReplicator     : InstanceInfoReplicator onDemand update allowed rate per min is 4
2026-05-02T04:46:10.750+07:00  INFO [user-service,,] 75861 --- [user-service] [           main] [                                                 ] com.netflix.discovery.DiscoveryClient    : Discovery Client initialized at timestamp 1777671970750 with initial instances count: 7
2026-05-02T04:46:10.753+07:00  INFO [user-service,,] 75861 --- [user-service] [           main] [                                                 ] o.s.c.n.e.s.EurekaServiceRegistry        : Registering application USER-SERVICE with eureka with status UP
2026-05-02T04:46:10.753+07:00  INFO [user-service,,] 75861 --- [user-service] [           main] [                                                 ] com.netflix.discovery.DiscoveryClient    : Saw local status change event StatusChangeEvent [timestamp=1777671970753, current=UP, previous=STARTING]
2026-05-02T04:46:10.754+07:00  INFO [user-service,,] 75861 --- [user-service] [nfoReplicator-0] [                                                 ] com.netflix.discovery.DiscoveryClient    : DiscoveryClient_USER-SERVICE/192.168.1.72:user-service:8082: registering service...
2026-05-02T04:46:10.763+07:00  INFO [user-service,,] 75861 --- [user-service] [           main] [                                                 ] o.s.b.w.embedded.tomcat.TomcatWebServer  : Tomcat started on port 8082 (http) with context path ''
2026-05-02T04:46:10.763+07:00  INFO [user-service,,] 75861 --- [user-service] [           main] [                                                 ] .s.c.n.e.s.EurekaAutoServiceRegistration : Updating port to 8082
2026-05-02T04:46:10.782+07:00  INFO [user-service,,] 75861 --- [user-service] [nfoReplicator-0] [                                                 ] com.netflix.discovery.DiscoveryClient    : DiscoveryClient_USER-SERVICE/192.168.1.72:user-service:8082 - registration status: 204
2026-05-02T04:46:10.782+07:00  INFO [user-service,,] 75861 --- [user-service] [           main] [                                                 ] c.smartgig.user.UserServiceApplication   : Started UserServiceApplication in 4.047 seconds (process running for 4.197)
2026-05-02T04:46:11.057+07:00  INFO [user-service,,] 75861 --- [user-service] [nio-8082-exec-1] [                                                 ] o.a.c.c.C.[Tomcat].[localhost].[/]       : Initializing Spring DispatcherServlet 'dispatcherServlet'
2026-05-02T04:46:11.057+07:00  INFO [user-service,,] 75861 --- [user-service] [nio-8082-exec-1] [                                                 ] o.s.web.servlet.DispatcherServlet        : Initializing Servlet 'dispatcherServlet'
2026-05-02T04:46:11.059+07:00  INFO [user-service,,] 75861 --- [user-service] [nio-8082-exec-1] [                                                 ] o.s.web.servlet.DispatcherServlet        : Completed initialization in 2 ms
2026-05-02T04:46:28.509+07:00  INFO [user-service,69f51f34f7a9bcd9f561a319db236b5d,08ce4a719b21800a] 75861 --- [user-service] [nio-8082-exec-3] [69f51f34f7a9bcd9f561a319db236b5d-08ce4a719b21800a] o.a.k.clients.producer.ProducerConfig    : ProducerConfig values: 
	acks = -1
	auto.include.jmx.reporter = true
	batch.size = 16384
	bootstrap.servers = [localhost:9092]
	buffer.memory = 33554432
	client.dns.lookup = use_all_dns_ips
	client.id = producer-1
	compression.type = none
	connections.max.idle.ms = 540000
	delivery.timeout.ms = 120000
	enable.idempotence = true
	interceptor.classes = []
	key.serializer = class org.apache.kafka.common.serialization.StringSerializer
	linger.ms = 0
	max.block.ms = 60000
	max.in.flight.requests.per.connection = 5
	max.request.size = 1048576
	metadata.max.age.ms = 300000
	metadata.max.idle.ms = 300000
	metric.reporters = []
	metrics.num.samples = 2
	metrics.recording.level = INFO
	metrics.sample.window.ms = 30000
	partitioner.adaptive.partitioning.enable = true
	partitioner.availability.timeout.ms = 0
	partitioner.class = null
	partitioner.ignore.keys = false
	receive.buffer.bytes = 32768
	reconnect.backoff.max.ms = 1000
	reconnect.backoff.ms = 50
	request.timeout.ms = 30000
	retries = 2147483647
	retry.backoff.ms = 100
	sasl.client.callback.handler.class = null
	sasl.jaas.config = null
	sasl.kerberos.kinit.cmd = /usr/bin/kinit
	sasl.kerberos.min.time.before.relogin = 60000
	sasl.kerberos.service.name = null
	sasl.kerberos.ticket.renew.jitter = 0.05
	sasl.kerberos.ticket.renew.window.factor = 0.8
	sasl.login.callback.handler.class = null
	sasl.login.class = null
	sasl.login.connect.timeout.ms = null
	sasl.login.read.timeout.ms = null
	sasl.login.refresh.buffer.seconds = 300
	sasl.login.refresh.min.period.seconds = 60
	sasl.login.refresh.window.factor = 0.8
	sasl.login.refresh.window.jitter = 0.05
	sasl.login.retry.backoff.max.ms = 10000
	sasl.login.retry.backoff.ms = 100
	sasl.mechanism = GSSAPI
	sasl.oauthbearer.clock.skew.seconds = 30
	sasl.oauthbearer.expected.audience = null
	sasl.oauthbearer.expected.issuer = null
	sasl.oauthbearer.jwks.endpoint.refresh.ms = 3600000
	sasl.oauthbearer.jwks.endpoint.retry.backoff.max.ms = 10000
	sasl.oauthbearer.jwks.endpoint.retry.backoff.ms = 100
	sasl.oauthbearer.jwks.endpoint.url = null
	sasl.oauthbearer.scope.claim.name = scope
	sasl.oauthbearer.sub.claim.name = sub
	sasl.oauthbearer.token.endpoint.url = null
	security.protocol = PLAINTEXT
	security.providers = null
	send.buffer.bytes = 131072
	socket.connection.setup.timeout.max.ms = 30000
	socket.connection.setup.timeout.ms = 10000
	ssl.cipher.suites = null
	ssl.enabled.protocols = [TLSv1.2, TLSv1.3]
	ssl.endpoint.identification.algorithm = https
	ssl.engine.factory.class = null
	ssl.key.password = null
	ssl.keymanager.algorithm = SunX509
	ssl.keystore.certificate.chain = null
	ssl.keystore.key = null
	ssl.keystore.location = null
	ssl.keystore.password = null
	ssl.keystore.type = JKS
	ssl.protocol = TLSv1.3
	ssl.provider = null
	ssl.secure.random.implementation = null
	ssl.trustmanager.algorithm = PKIX
	ssl.truststore.certificates = null
	ssl.truststore.location = null
	ssl.truststore.password = null
	ssl.truststore.type = JKS
	transaction.timeout.ms = 60000
	transactional.id = null
	value.serializer = class org.springframework.kafka.support.serializer.JsonSerializer

2026-05-02T04:46:28.528+07:00  INFO [user-service,69f51f34f7a9bcd9f561a319db236b5d,08ce4a719b21800a] 75861 --- [user-service] [nio-8082-exec-3] [69f51f34f7a9bcd9f561a319db236b5d-08ce4a719b21800a] o.a.k.clients.producer.KafkaProducer     : [Producer clientId=producer-1] Instantiated an idempotent producer.
2026-05-02T04:46:28.549+07:00  INFO [user-service,69f51f34f7a9bcd9f561a319db236b5d,08ce4a719b21800a] 75861 --- [user-service] [nio-8082-exec-3] [69f51f34f7a9bcd9f561a319db236b5d-08ce4a719b21800a] o.a.k.clients.producer.ProducerConfig    : These configurations '[spring.json.trusted.packages]' were supplied but are not used yet.
2026-05-02T04:46:28.550+07:00  INFO [user-service,69f51f34f7a9bcd9f561a319db236b5d,08ce4a719b21800a] 75861 --- [user-service] [nio-8082-exec-3] [69f51f34f7a9bcd9f561a319db236b5d-08ce4a719b21800a] o.a.kafka.common.utils.AppInfoParser     : Kafka version: 3.6.2
2026-05-02T04:46:28.550+07:00  INFO [user-service,69f51f34f7a9bcd9f561a319db236b5d,08ce4a719b21800a] 75861 --- [user-service] [nio-8082-exec-3] [69f51f34f7a9bcd9f561a319db236b5d-08ce4a719b21800a] o.a.kafka.common.utils.AppInfoParser     : Kafka commitId: c4deed513057c94e
2026-05-02T04:46:28.550+07:00  INFO [user-service,69f51f34f7a9bcd9f561a319db236b5d,08ce4a719b21800a] 75861 --- [user-service] [nio-8082-exec-3] [69f51f34f7a9bcd9f561a319db236b5d-08ce4a719b21800a] o.a.kafka.common.utils.AppInfoParser     : Kafka startTimeMs: 1777671988549
2026-05-02T04:46:28.739+07:00  INFO [user-service,,] 75861 --- [user-service] [ad | producer-1] [                                                 ] org.apache.kafka.clients.Metadata        : [Producer clientId=producer-1] Cluster ID: MkU3OEVBNTcwNTJENDM2Qg
2026-05-02T04:46:28.876+07:00  INFO [user-service,,] 75861 --- [user-service] [ad | producer-1] [                                                 ] o.a.k.c.p.internals.TransactionManager   : [Producer clientId=producer-1] ProducerId set to 0 with epoch 0
2026-05-02T04:51:10.644+07:00  INFO [user-service,,] 75861 --- [user-service] [trap-executor-0] [                                                 ] c.n.d.s.r.aws.ConfigClusterResolver      : Resolving eureka endpoints via configuration
2026-05-02T04:55:58.773+07:00  INFO [user-service,,] 75861 --- [user-service] [ad | producer-1] [                                                 ] org.apache.kafka.clients.NetworkClient   : [Producer clientId=producer-1] Node -1 disconnected.
2026-05-02T04:56:10.652+07:00  INFO [user-service,,] 75861 --- [user-service] [trap-executor-0] [                                                 ] c.n.d.s.r.aws.ConfigClusterResolver      : Resolving eureka endpoints via configuration
2026-05-02T05:01:10.665+07:00  INFO [user-service,,] 75861 --- [user-service] [trap-executor-0] [                                                 ] c.n.d.s.r.aws.ConfigClusterResolver      : Resolving eureka endpoints via configuration
2026-05-02T05:06:10.674+07:00  INFO [user-service,,] 75861 --- [user-service] [trap-executor-0] [                                                 ] c.n.d.s.r.aws.ConfigClusterResolver      : Resolving eureka endpoints via configuration
2026-05-02T05:11:10.682+07:00  INFO [user-service,,] 75861 --- [user-service] [trap-executor-0] [                                                 ] c.n.d.s.r.aws.ConfigClusterResolver      : Resolving eureka endpoints via configuration
2026-05-02T05:16:10.689+07:00  INFO [user-service,,] 75861 --- [user-service] [trap-executor-0] [                                                 ] c.n.d.s.r.aws.ConfigClusterResolver      : Resolving eureka endpoints via configuration
2026-05-02T05:21:10.639+07:00  INFO [user-service,,] 75861 --- [user-service] [trap-executor-0] [                                                 ] c.n.d.s.r.aws.ConfigClusterResolver      : Resolving eureka endpoints via configuration
2026-05-02T05:26:10.643+07:00  INFO [user-service,,] 75861 --- [user-service] [trap-executor-0] [                                                 ] c.n.d.s.r.aws.ConfigClusterResolver      : Resolving eureka endpoints via configuration
2026-05-02T05:31:10.647+07:00  INFO [user-service,,] 75861 --- [user-service] [trap-executor-0] [                                                 ] c.n.d.s.r.aws.ConfigClusterResolver      : Resolving eureka endpoints via configuration
2026-05-02T05:36:10.654+07:00  INFO [user-service,,] 75861 --- [user-service] [trap-executor-0] [                                                 ] c.n.d.s.r.aws.ConfigClusterResolver      : Resolving eureka endpoints via configuration
2026-05-02T05:41:10.662+07:00  INFO [user-service,,] 75861 --- [user-service] [trap-executor-0] [                                                 ] c.n.d.s.r.aws.ConfigClusterResolver      : Resolving eureka endpoints via configuration
2026-05-02T05:46:10.671+07:00  INFO [user-service,,] 75861 --- [user-service] [trap-executor-0] [                                                 ] c.n.d.s.r.aws.ConfigClusterResolver      : Resolving eureka endpoints via configuration
2026-05-02T05:51:10.679+07:00  INFO [user-service,,] 75861 --- [user-service] [trap-executor-0] [                                                 ] c.n.d.s.r.aws.ConfigClusterResolver      : Resolving eureka endpoints via configuration
2026-05-02T05:56:10.688+07:00  INFO [user-service,,] 75861 --- [user-service] [trap-executor-0] [                                                 ] c.n.d.s.r.aws.ConfigClusterResolver      : Resolving eureka endpoints via configuration
2026-05-02T06:01:10.696+07:00  INFO [user-service,,] 75861 --- [user-service] [trap-executor-0] [                                                 ] c.n.d.s.r.aws.ConfigClusterResolver      : Resolving eureka endpoints via configuration
2026-05-02T06:06:10.705+07:00  INFO [user-service,,] 75861 --- [user-service] [trap-executor-0] [                                                 ] c.n.d.s.r.aws.ConfigClusterResolver      : Resolving eureka endpoints via configuration
2026-05-02T06:11:10.713+07:00  INFO [user-service,,] 75861 --- [user-service] [trap-executor-0] [                                                 ] c.n.d.s.r.aws.ConfigClusterResolver      : Resolving eureka endpoints via configuration
2026-05-02T06:16:10.722+07:00  INFO [user-service,,] 75861 --- [user-service] [trap-executor-0] [                                                 ] c.n.d.s.r.aws.ConfigClusterResolver      : Resolving eureka endpoints via configuration
2026-05-02T06:21:10.730+07:00  INFO [user-service,,] 75861 --- [user-service] [trap-executor-0] [                                                 ] c.n.d.s.r.aws.ConfigClusterResolver      : Resolving eureka endpoints via configuration
2026-05-02T06:26:10.739+07:00  INFO [user-service,,] 75861 --- [user-service] [trap-executor-0] [                                                 ] c.n.d.s.r.aws.ConfigClusterResolver      : Resolving eureka endpoints via configuration
2026-05-02T06:31:10.745+07:00  INFO [user-service,,] 75861 --- [user-service] [trap-executor-0] [                                                 ] c.n.d.s.r.aws.ConfigClusterResolver      : Resolving eureka endpoints via configuration
2026-05-02T06:36:10.754+07:00  INFO [user-service,,] 75861 --- [user-service] [trap-executor-0] [                                                 ] c.n.d.s.r.aws.ConfigClusterResolver      : Resolving eureka endpoints via configuration
2026-05-02T06:41:10.762+07:00  INFO [user-service,,] 75861 --- [user-service] [trap-executor-0] [                                                 ] c.n.d.s.r.aws.ConfigClusterResolver      : Resolving eureka endpoints via configuration
2026-05-02T06:46:10.770+07:00  INFO [user-service,,] 75861 --- [user-service] [trap-executor-0] [                                                 ] c.n.d.s.r.aws.ConfigClusterResolver      : Resolving eureka endpoints via configuration
2026-05-02T06:51:10.779+07:00  INFO [user-service,,] 75861 --- [user-service] [trap-executor-0] [                                                 ] c.n.d.s.r.aws.ConfigClusterResolver      : Resolving eureka endpoints via configuration
2026-05-02T06:56:10.783+07:00  INFO [user-service,,] 75861 --- [user-service] [trap-executor-0] [                                                 ] c.n.d.s.r.aws.ConfigClusterResolver      : Resolving eureka endpoints via configuration
2026-05-02T07:01:10.790+07:00  INFO [user-service,,] 75861 --- [user-service] [trap-executor-0] [                                                 ] c.n.d.s.r.aws.ConfigClusterResolver      : Resolving eureka endpoints via configuration
2026-05-02T07:01:44.285+07:00  INFO [user-service,,] 75861 --- [user-service] [ad | producer-1] [                                                 ] org.apache.kafka.clients.NetworkClient   : [Producer clientId=producer-1] Node 1 disconnected.
2026-05-02T07:01:44.344+07:00  INFO [user-service,,] 75861 --- [user-service] [ad | producer-1] [                                                 ] org.apache.kafka.clients.NetworkClient   : [Producer clientId=producer-1] Node 1 disconnected.
2026-05-02T07:01:44.345+07:00  INFO [user-service,,] 75861 --- [user-service] [ad | producer-1] [                                                 ] org.apache.kafka.clients.NetworkClient   : [Producer clientId=producer-1] Cancelled in-flight API_VERSIONS request with correlation id 35 due to node 1 being disconnected (elapsed time since creation: 2ms, elapsed time since send: 2ms, request timeout: 30000ms)
2026-05-02T07:01:44.450+07:00  INFO [user-service,,] 75861 --- [user-service] [ad | producer-1] [                                                 ] org.apache.kafka.clients.NetworkClient   : [Producer clientId=producer-1] Node 1 disconnected.
2026-05-02T07:01:44.450+07:00  INFO [user-service,,] 75861 --- [user-service] [ad | producer-1] [                                                 ] org.apache.kafka.clients.NetworkClient   : [Producer clientId=producer-1] Cancelled in-flight API_VERSIONS request with correlation id 36 due to node 1 being disconnected (elapsed time since creation: 4ms, elapsed time since send: 4ms, request timeout: 30000ms)
2026-05-02T07:01:44.656+07:00  INFO [user-service,,] 75861 --- [user-service] [ad | producer-1] [                                                 ] org.apache.kafka.clients.NetworkClient   : [Producer clientId=producer-1] Node 1 disconnected.
2026-05-02T07:01:44.656+07:00  INFO [user-service,,] 75861 --- [user-service] [ad | producer-1] [                                                 ] org.apache.kafka.clients.NetworkClient   : [Producer clientId=producer-1] Cancelled in-flight API_VERSIONS request with correlation id 37 due to node 1 being disconnected (elapsed time since creation: 2ms, elapsed time since send: 2ms, request timeout: 30000ms)
2026-05-02T07:01:45.115+07:00  INFO [user-service,,] 75861 --- [user-service] [ad | producer-1] [                                                 ] org.apache.kafka.clients.NetworkClient   : [Producer clientId=producer-1] Node 1 disconnected.
2026-05-02T07:01:45.115+07:00  INFO [user-service,,] 75861 --- [user-service] [ad | producer-1] [                                                 ] org.apache.kafka.clients.NetworkClient   : [Producer clientId=producer-1] Cancelled in-flight API_VERSIONS request with correlation id 38 due to node 1 being disconnected (elapsed time since creation: 1ms, elapsed time since send: 1ms, request timeout: 30000ms)
2026-05-02T07:01:45.937+07:00  INFO [user-service,,] 75861 --- [user-service] [ad | producer-1] [                                                 ] org.apache.kafka.clients.NetworkClient   : [Producer clientId=producer-1] Node 1 disconnected.
2026-05-02T07:01:45.938+07:00  WARN [user-service,,] 75861 --- [user-service] [ad | producer-1] [                                                 ] org.apache.kafka.clients.NetworkClient   : [Producer clientId=producer-1] Connection to node 1 (localhost/127.0.0.1:9092) could not be established. Broker may not be available.
2026-05-02T07:01:47.013+07:00  INFO [user-service,,] 75861 --- [user-service] [ad | producer-1] [                                                 ] org.apache.kafka.clients.NetworkClient   : [Producer clientId=producer-1] Node 1 disconnected.
2026-05-02T07:01:47.018+07:00  WARN [user-service,,] 75861 --- [user-service] [ad | producer-1] [                                                 ] org.apache.kafka.clients.NetworkClient   : [Producer clientId=producer-1] Connection to node 1 (localhost/127.0.0.1:9092) could not be established. Broker may not be available.
2026-05-02T07:01:47.883+07:00  INFO [user-service,,] 75861 --- [user-service] [ad | producer-1] [                                                 ] org.apache.kafka.clients.NetworkClient   : [Producer clientId=producer-1] Node 1 disconnected.
2026-05-02T07:01:47.884+07:00  WARN [user-service,,] 75861 --- [user-service] [ad | producer-1] [                                                 ] org.apache.kafka.clients.NetworkClient   : [Producer clientId=producer-1] Connection to node 1 (localhost/127.0.0.1:9092) could not be established. Broker may not be available.
2026-05-02T07:01:48.753+07:00  INFO [user-service,,] 75861 --- [user-service] [ad | producer-1] [                                                 ] org.apache.kafka.clients.NetworkClient   : [Producer clientId=producer-1] Node 1 disconnected.
2026-05-02T07:01:48.754+07:00  WARN [user-service,,] 75861 --- [user-service] [ad | producer-1] [                                                 ] org.apache.kafka.clients.NetworkClient   : [Producer clientId=producer-1] Connection to node 1 (localhost/127.0.0.1:9092) could not be established. Broker may not be available.
2026-05-02T07:01:49.777+07:00  INFO [user-service,,] 75861 --- [user-service] [ad | producer-1] [                                                 ] org.apache.kafka.clients.NetworkClient   : [Producer clientId=producer-1] Node 1 disconnected.
2026-05-02T07:01:49.782+07:00  WARN [user-service,,] 75861 --- [user-service] [ad | producer-1] [                                                 ] org.apache.kafka.clients.NetworkClient   : [Producer clientId=producer-1] Connection to node 1 (localhost/127.0.0.1:9092) could not be established. Broker may not be available.
2026-05-02T07:01:51.004+07:00  INFO [user-service,,] 75861 --- [user-service] [ad | producer-1] [                                                 ] org.apache.kafka.clients.NetworkClient   : [Producer clientId=producer-1] Node 1 disconnected.
2026-05-02T07:01:51.005+07:00  WARN [user-service,,] 75861 --- [user-service] [ad | producer-1] [                                                 ] org.apache.kafka.clients.NetworkClient   : [Producer clientId=producer-1] Connection to node 1 (localhost/127.0.0.1:9092) could not be established. Broker may not be available.
2026-05-02T07:01:52.028+07:00  INFO [user-service,,] 75861 --- [user-service] [ad | producer-1] [                                                 ] org.apache.kafka.clients.NetworkClient   : [Producer clientId=producer-1] Node 1 disconnected.
2026-05-02T07:01:52.030+07:00  WARN [user-service,,] 75861 --- [user-service] [ad | producer-1] [                                                 ] org.apache.kafka.clients.NetworkClient   : [Producer clientId=producer-1] Connection to node 1 (localhost/127.0.0.1:9092) could not be established. Broker may not be available.
2026-05-02T07:01:53.050+07:00  INFO [user-service,,] 75861 --- [user-service] [ad | producer-1] [                                                 ] org.apache.kafka.clients.NetworkClient   : [Producer clientId=producer-1] Node 1 disconnected.
2026-05-02T07:01:53.051+07:00  WARN [user-service,,] 75861 --- [user-service] [ad | producer-1] [                                                 ] org.apache.kafka.clients.NetworkClient   : [Producer clientId=producer-1] Connection to node 1 (localhost/127.0.0.1:9092) could not be established. Broker may not be available.
2026-05-02T07:01:54.119+07:00  INFO [user-service,,] 75861 --- [user-service] [ad | producer-1] [                                                 ] org.apache.kafka.clients.NetworkClient   : [Producer clientId=producer-1] Node 1 disconnected.
2026-05-02T07:01:54.121+07:00  WARN [user-service,,] 75861 --- [user-service] [ad | producer-1] [                                                 ] org.apache.kafka.clients.NetworkClient   : [Producer clientId=producer-1] Connection to node 1 (localhost/127.0.0.1:9092) could not be established. Broker may not be available.
2026-05-02T07:01:55.188+07:00  INFO [user-service,,] 75861 --- [user-service] [ad | producer-1] [                                                 ] org.apache.kafka.clients.NetworkClient   : [Producer clientId=producer-1] Node 1 disconnected.
2026-05-02T07:01:55.189+07:00  WARN [user-service,,] 75861 --- [user-service] [ad | producer-1] [                                                 ] org.apache.kafka.clients.NetworkClient   : [Producer clientId=producer-1] Connection to node 1 (localhost/127.0.0.1:9092) could not be established. Broker may not be available.
2026-05-02T07:01:56.360+07:00  INFO [user-service,,] 75861 --- [user-service] [ad | producer-1] [                                                 ] org.apache.kafka.clients.NetworkClient   : [Producer clientId=producer-1] Node 1 disconnected.
2026-05-02T07:01:56.361+07:00  WARN [user-service,,] 75861 --- [user-service] [ad | producer-1] [                                                 ] org.apache.kafka.clients.NetworkClient   : [Producer clientId=producer-1] Connection to node 1 (localhost/127.0.0.1:9092) could not be established. Broker may not be available.
2026-05-02T07:01:57.378+07:00  INFO [user-service,,] 75861 --- [user-service] [ad | producer-1] [                                                 ] org.apache.kafka.clients.NetworkClient   : [Producer clientId=producer-1] Node 1 disconnected.
2026-05-02T07:01:57.379+07:00  WARN [user-service,,] 75861 --- [user-service] [ad | producer-1] [                                                 ] org.apache.kafka.clients.NetworkClient   : [Producer clientId=producer-1] Connection to node 1 (localhost/127.0.0.1:9092) could not be established. Broker may not be available.
2026-05-02T07:01:58.294+07:00  INFO [user-service,,] 75861 --- [user-service] [ad | producer-1] [                                                 ] org.apache.kafka.clients.NetworkClient   : [Producer clientId=producer-1] Node 1 disconnected.
2026-05-02T07:01:58.294+07:00  WARN [user-service,,] 75861 --- [user-service] [ad | producer-1] [                                                 ] org.apache.kafka.clients.NetworkClient   : [Producer clientId=producer-1] Connection to node 1 (localhost/127.0.0.1:9092) could not be established. Broker may not be available.
2026-05-02T07:01:59.109+07:00  INFO [user-service,,] 75861 --- [user-service] [ad | producer-1] [                                                 ] org.apache.kafka.clients.NetworkClient   : [Producer clientId=producer-1] Node 1 disconnected.
2026-05-02T07:01:59.109+07:00  WARN [user-service,,] 75861 --- [user-service] [ad | producer-1] [                                                 ] org.apache.kafka.clients.NetworkClient   : [Producer clientId=producer-1] Connection to node 1 (localhost/127.0.0.1:9092) could not be established. Broker may not be available.
2026-05-02T07:02:00.131+07:00  INFO [user-service,,] 75861 --- [user-service] [ad | producer-1] [                                                 ] org.apache.kafka.clients.NetworkClient   : [Producer clientId=producer-1] Node 1 disconnected.
2026-05-02T07:02:00.133+07:00  WARN [user-service,,] 75861 --- [user-service] [ad | producer-1] [                                                 ] org.apache.kafka.clients.NetworkClient   : [Producer clientId=producer-1] Connection to node 1 (localhost/127.0.0.1:9092) could not be established. Broker may not be available.
2026-05-02T07:02:01.304+07:00  INFO [user-service,,] 75861 --- [user-service] [ad | producer-1] [                                                 ] org.apache.kafka.clients.NetworkClient   : [Producer clientId=producer-1] Node 1 disconnected.
2026-05-02T07:02:01.304+07:00  WARN [user-service,,] 75861 --- [user-service] [ad | producer-1] [                                                 ] org.apache.kafka.clients.NetworkClient   : [Producer clientId=producer-1] Connection to node 1 (localhost/127.0.0.1:9092) could not be established. Broker may not be available.
2026-05-02T07:02:02.480+07:00  INFO [user-service,,] 75861 --- [user-service] [ad | producer-1] [                                                 ] org.apache.kafka.clients.NetworkClient   : [Producer clientId=producer-1] Node 1 disconnected.
2026-05-02T07:02:02.480+07:00  WARN [user-service,,] 75861 --- [user-service] [ad | producer-1] [                                                 ] org.apache.kafka.clients.NetworkClient   : [Producer clientId=producer-1] Connection to node 1 (localhost/127.0.0.1:9092) could not be established. Broker may not be available.
2026-05-02T07:02:03.397+07:00  INFO [user-service,,] 75861 --- [user-service] [ad | producer-1] [                                                 ] org.apache.kafka.clients.NetworkClient   : [Producer clientId=producer-1] Node 1 disconnected.
2026-05-02T07:02:03.398+07:00  WARN [user-service,,] 75861 --- [user-service] [ad | producer-1] [                                                 ] org.apache.kafka.clients.NetworkClient   : [Producer clientId=producer-1] Connection to node 1 (localhost/127.0.0.1:9092) could not be established. Broker may not be available.
2026-05-02T07:02:04.582+07:00  INFO [user-service,,] 75861 --- [user-service] [ad | producer-1] [                                                 ] org.apache.kafka.clients.NetworkClient   : [Producer clientId=producer-1] Node 1 disconnected.
2026-05-02T07:02:04.582+07:00  INFO [user-service,,] 75861 --- [user-service] [ad | producer-1] [                                                 ] org.apache.kafka.clients.NetworkClient   : [Producer clientId=producer-1] Cancelled in-flight API_VERSIONS request with correlation id 39 due to node 1 being disconnected (elapsed time since creation: 3ms, elapsed time since send: 3ms, request timeout: 30000ms)
2026-05-02T07:02:05.508+07:00  INFO [user-service,,] 75861 --- [user-service] [ad | producer-1] [                                                 ] org.apache.kafka.clients.NetworkClient   : [Producer clientId=producer-1] Node 1 disconnected.
2026-05-02T07:02:05.509+07:00  INFO [user-service,,] 75861 --- [user-service] [ad | producer-1] [                                                 ] org.apache.kafka.clients.NetworkClient   : [Producer clientId=producer-1] Cancelled in-flight API_VERSIONS request with correlation id 40 due to node 1 being disconnected (elapsed time since creation: 1ms, elapsed time since send: 1ms, request timeout: 30000ms)
2026-05-02T07:02:06.380+07:00  INFO [user-service,,] 75861 --- [user-service] [ad | producer-1] [                                                 ] org.apache.kafka.clients.NetworkClient   : [Producer clientId=producer-1] Node 1 disconnected.
2026-05-02T07:02:06.381+07:00  INFO [user-service,,] 75861 --- [user-service] [ad | producer-1] [                                                 ] org.apache.kafka.clients.NetworkClient   : [Producer clientId=producer-1] Cancelled in-flight API_VERSIONS request with correlation id 41 due to node 1 being disconnected (elapsed time since creation: 1ms, elapsed time since send: 1ms, request timeout: 30000ms)
2026-05-02T07:02:07.415+07:00  INFO [user-service,,] 75861 --- [user-service] [ad | producer-1] [                                                 ] org.apache.kafka.clients.NetworkClient   : [Producer clientId=producer-1] Node 1 disconnected.
2026-05-02T07:02:07.417+07:00  INFO [user-service,,] 75861 --- [user-service] [ad | producer-1] [                                                 ] org.apache.kafka.clients.NetworkClient   : [Producer clientId=producer-1] Cancelled in-flight API_VERSIONS request with correlation id 42 due to node 1 being disconnected (elapsed time since creation: 12ms, elapsed time since send: 12ms, request timeout: 30000ms)
2026-05-02T07:02:08.292+07:00  INFO [user-service,,] 75861 --- [user-service] [ad | producer-1] [                                                 ] org.apache.kafka.clients.NetworkClient   : [Producer clientId=producer-1] Node 1 disconnected.
2026-05-02T07:02:08.292+07:00  INFO [user-service,,] 75861 --- [user-service] [ad | producer-1] [                                                 ] org.apache.kafka.clients.NetworkClient   : [Producer clientId=producer-1] Cancelled in-flight API_VERSIONS request with correlation id 43 due to node 1 being disconnected (elapsed time since creation: 2ms, elapsed time since send: 2ms, request timeout: 30000ms)
2026-05-02T07:02:09.472+07:00  INFO [user-service,,] 75861 --- [user-service] [ad | producer-1] [                                                 ] org.apache.kafka.clients.NetworkClient   : [Producer clientId=producer-1] Node 1 disconnected.
2026-05-02T07:02:09.473+07:00  INFO [user-service,,] 75861 --- [user-service] [ad | producer-1] [                                                 ] org.apache.kafka.clients.NetworkClient   : [Producer clientId=producer-1] Cancelled in-flight API_VERSIONS request with correlation id 44 due to node 1 being disconnected (elapsed time since creation: 4ms, elapsed time since send: 4ms, request timeout: 30000ms)
2026-05-02T07:02:10.715+07:00  INFO [user-service,,] 75861 --- [user-service] [ad | producer-1] [                                                 ] org.apache.kafka.clients.NetworkClient   : [Producer clientId=producer-1] Node 1 disconnected.
2026-05-02T07:02:10.725+07:00  INFO [user-service,,] 75861 --- [user-service] [ad | producer-1] [                                                 ] org.apache.kafka.clients.NetworkClient   : [Producer clientId=producer-1] Cancelled in-flight API_VERSIONS request with correlation id 45 due to node 1 being disconnected (elapsed time since creation: 6ms, elapsed time since send: 6ms, request timeout: 30000ms)
2026-05-02T07:02:11.609+07:00  INFO [user-service,,] 75861 --- [user-service] [ad | producer-1] [                                                 ] org.apache.kafka.clients.NetworkClient   : [Producer clientId=producer-1] Node 1 disconnected.
2026-05-02T07:02:11.610+07:00  INFO [user-service,,] 75861 --- [user-service] [ad | producer-1] [                                                 ] org.apache.kafka.clients.NetworkClient   : [Producer clientId=producer-1] Cancelled in-flight API_VERSIONS request with correlation id 46 due to node 1 being disconnected (elapsed time since creation: 4ms, elapsed time since send: 4ms, request timeout: 30000ms)
2026-05-02T07:02:12.797+07:00  INFO [user-service,,] 75861 --- [user-service] [ad | producer-1] [                                                 ] org.apache.kafka.clients.NetworkClient   : [Producer clientId=producer-1] Node 1 disconnected.
2026-05-02T07:02:12.798+07:00  INFO [user-service,,] 75861 --- [user-service] [ad | producer-1] [                                                 ] org.apache.kafka.clients.NetworkClient   : [Producer clientId=producer-1] Cancelled in-flight API_VERSIONS request with correlation id 47 due to node 1 being disconnected (elapsed time since creation: 37ms, elapsed time since send: 37ms, request timeout: 30000ms)
2026-05-02T07:02:14.040+07:00  INFO [user-service,,] 75861 --- [user-service] [ad | producer-1] [                                                 ] org.apache.kafka.clients.NetworkClient   : [Producer clientId=producer-1] Node 1 disconnected.
2026-05-02T07:02:14.040+07:00  INFO [user-service,,] 75861 --- [user-service] [ad | producer-1] [                                                 ] org.apache.kafka.clients.NetworkClient   : [Producer clientId=producer-1] Cancelled in-flight API_VERSIONS request with correlation id 48 due to node 1 being disconnected (elapsed time since creation: 2ms, elapsed time since send: 2ms, request timeout: 30000ms)
2026-05-02T07:02:15.013+07:00  INFO [user-service,,] 75861 --- [user-service] [ad | producer-1] [                                                 ] org.apache.kafka.clients.NetworkClient   : [Producer clientId=producer-1] Node 1 disconnected.
2026-05-02T07:02:15.014+07:00  INFO [user-service,,] 75861 --- [user-service] [ad | producer-1] [                                                 ] org.apache.kafka.clients.NetworkClient   : [Producer clientId=producer-1] Cancelled in-flight API_VERSIONS request with correlation id 49 due to node 1 being disconnected (elapsed time since creation: 1ms, elapsed time since send: 1ms, request timeout: 30000ms)
[INFO] ------------------------------------------------------------------------
[INFO] BUILD FAILURE
[INFO] ------------------------------------------------------------------------
[INFO] Total time:  02:17 h
[INFO] Finished at: 2026-05-02T07:03:35+07:00
[INFO] ------------------------------------------------------------------------
[ERROR] Failed to execute goal org.springframework.boot:spring-boot-maven-plugin:3.2.5:run (default-cli) on project user-service: Process terminated with exit code: 137 -> [Help 1]
[ERROR] 
[ERROR] To see the full stack trace of the errors, re-run Maven with the -e switch.
[ERROR] Re-run Maven using the -X switch to enable full debug logging.
[ERROR] 
[ERROR] For more information about the errors and possible solutions, please read the following articles:
[ERROR] [Help 1] http://cwiki.apache.org/confluence/display/MAVEN/MojoExecutionException
